Archive member included to satisfy reference by file (symbol)

/Applications/STM32CubeIDE.app/Contents/Eclipse/plugins/com.st.stm32cube.ide.mcu.externaltools.gnu-tools-for-stm32.10.3-2021.10.macos64_1.0.100.202210260954/tools/bin/../lib/gcc/arm-none-eabi/10.3.1/../../../../arm-none-eabi/lib/thumb/v7e-m+fp/hard/libc_nano.a(lib_a-errno.o)
                              ./Src/syscalls.o (__errno)
/Applications/STM32CubeIDE.app/Contents/Eclipse/plugins/com.st.stm32cube.ide.mcu.externaltools.gnu-tools-for-stm32.10.3-2021.10.macos64_1.0.100.202210260954/tools/bin/../lib/gcc/arm-none-eabi/10.3.1/../../../../arm-none-eabi/lib/thumb/v7e-m+fp/hard/libc_nano.a(lib_a-exit.o)
                              /Applications/STM32CubeIDE.app/Contents/Eclipse/plugins/com.st.stm32cube.ide.mcu.externaltools.gnu-tools-for-stm32.10.3-2021.10.macos64_1.0.100.202210260954/tools/bin/../lib/gcc/arm-none-eabi/10.3.1/../../../../arm-none-eabi/lib/thumb/v7e-m+fp/hard/crt0.o (exit)
/Applications/STM32CubeIDE.app/Contents/Eclipse/plugins/com.st.stm32cube.ide.mcu.externaltools.gnu-tools-for-stm32.10.3-2021.10.macos64_1.0.100.202210260954/tools/bin/../lib/gcc/arm-none-eabi/10.3.1/../../../../arm-none-eabi/lib/thumb/v7e-m+fp/hard/libc_nano.a(lib_a-fprintf.o)
                              ./Src/kernel/kernel.o (fprintf)
/Applications/STM32CubeIDE.app/Contents/Eclipse/plugins/com.st.stm32cube.ide.mcu.externaltools.gnu-tools-for-stm32.10.3-2021.10.macos64_1.0.100.202210260954/tools/bin/../lib/gcc/arm-none-eabi/10.3.1/../../../../arm-none-eabi/lib/thumb/v7e-m+fp/hard/libc_nano.a(lib_a-fwrite.o)
                              ./Src/ysAPI/ysRTOS.o (fwrite)
/Applications/STM32CubeIDE.app/Contents/Eclipse/plugins/com.st.stm32cube.ide.mcu.externaltools.gnu-tools-for-stm32.10.3-2021.10.macos64_1.0.100.202210260954/tools/bin/../lib/gcc/arm-none-eabi/10.3.1/../../../../arm-none-eabi/lib/thumb/v7e-m+fp/hard/libc_nano.a(lib_a-impure.o)
                              /Applications/STM32CubeIDE.app/Contents/Eclipse/plugins/com.st.stm32cube.ide.mcu.externaltools.gnu-tools-for-stm32.10.3-2021.10.macos64_1.0.100.202210260954/tools/bin/../lib/gcc/arm-none-eabi/10.3.1/../../../../arm-none-eabi/lib/thumb/v7e-m+fp/hard/libc_nano.a(lib_a-exit.o) (_global_impure_ptr)
/Applications/STM32CubeIDE.app/Contents/Eclipse/plugins/com.st.stm32cube.ide.mcu.externaltools.gnu-tools-for-stm32.10.3-2021.10.macos64_1.0.100.202210260954/tools/bin/../lib/gcc/arm-none-eabi/10.3.1/../../../../arm-none-eabi/lib/thumb/v7e-m+fp/hard/libc_nano.a(lib_a-init.o)
                              /Applications/STM32CubeIDE.app/Contents/Eclipse/plugins/com.st.stm32cube.ide.mcu.externaltools.gnu-tools-for-stm32.10.3-2021.10.macos64_1.0.100.202210260954/tools/bin/../lib/gcc/arm-none-eabi/10.3.1/../../../../arm-none-eabi/lib/thumb/v7e-m+fp/hard/crt0.o (__libc_init_array)
/Applications/STM32CubeIDE.app/Contents/Eclipse/plugins/com.st.stm32cube.ide.mcu.externaltools.gnu-tools-for-stm32.10.3-2021.10.macos64_1.0.100.202210260954/tools/bin/../lib/gcc/arm-none-eabi/10.3.1/../../../../arm-none-eabi/lib/thumb/v7e-m+fp/hard/libc_nano.a(lib_a-lock.o)
                              /Applications/STM32CubeIDE.app/Contents/Eclipse/plugins/com.st.stm32cube.ide.mcu.externaltools.gnu-tools-for-stm32.10.3-2021.10.macos64_1.0.100.202210260954/tools/bin/../lib/gcc/arm-none-eabi/10.3.1/../../../../arm-none-eabi/lib/thumb/v7e-m+fp/hard/libc_nano.a(lib_a-fwrite.o) (__retarget_lock_acquire_recursive)
/Applications/STM32CubeIDE.app/Contents/Eclipse/plugins/com.st.stm32cube.ide.mcu.externaltools.gnu-tools-for-stm32.10.3-2021.10.macos64_1.0.100.202210260954/tools/bin/../lib/gcc/arm-none-eabi/10.3.1/../../../../arm-none-eabi/lib/thumb/v7e-m+fp/hard/libc_nano.a(lib_a-memset.o)
                              /Applications/STM32CubeIDE.app/Contents/Eclipse/plugins/com.st.stm32cube.ide.mcu.externaltools.gnu-tools-for-stm32.10.3-2021.10.macos64_1.0.100.202210260954/tools/bin/../lib/gcc/arm-none-eabi/10.3.1/../../../../arm-none-eabi/lib/thumb/v7e-m+fp/hard/crt0.o (memset)
/Applications/STM32CubeIDE.app/Contents/Eclipse/plugins/com.st.stm32cube.ide.mcu.externaltools.gnu-tools-for-stm32.10.3-2021.10.macos64_1.0.100.202210260954/tools/bin/../lib/gcc/arm-none-eabi/10.3.1/../../../../arm-none-eabi/lib/thumb/v7e-m+fp/hard/libc_nano.a(lib_a-nano-vfprintf.o)
                              /Applications/STM32CubeIDE.app/Contents/Eclipse/plugins/com.st.stm32cube.ide.mcu.externaltools.gnu-tools-for-stm32.10.3-2021.10.macos64_1.0.100.202210260954/tools/bin/../lib/gcc/arm-none-eabi/10.3.1/../../../../arm-none-eabi/lib/thumb/v7e-m+fp/hard/libc_nano.a(lib_a-fprintf.o) (_vfprintf_r)
/Applications/STM32CubeIDE.app/Contents/Eclipse/plugins/com.st.stm32cube.ide.mcu.externaltools.gnu-tools-for-stm32.10.3-2021.10.macos64_1.0.100.202210260954/tools/bin/../lib/gcc/arm-none-eabi/10.3.1/../../../../arm-none-eabi/lib/thumb/v7e-m+fp/hard/libc_nano.a(lib_a-nano-vfprintf_i.o)
[...]
Memory Configuration

Name             Origin             Length             Attributes
RAM              0x0000000020000000 0x0000000000020000 xrw
FLASH            0x0000000008000000 0x0000000000080000 xr
*default*        0x0000000000000000 0xffffffffffffffff

Linker script and memory map

LOAD /Applications/STM32CubeIDE.app/Contents/Eclipse/plugins/com.st.stm32cube.ide.mcu.externaltools.gnu-tools-for-stm32.10.3-2021.10.macos64_1.0.100.202210260954/tools/bin/../lib/gcc/arm-none-eabi/10.3.1/thumb/v7e-m+fp/hard/crti.o
LOAD /Applications/STM32CubeIDE.app/Contents/Eclipse/plugins/com.st.stm32cube.ide.mcu.externaltools.gnu-tools-for-stm32.10.3-2021.10.macos64_1.0.100.202210260954/tools/bin/../lib/gcc/arm-none-eabi/10.3.1/thumb/v7e-m+fp/hard/crtbegin.o
LOAD /Applications/STM32CubeIDE.app/Contents/Eclipse/plugins/com.st.stm32cube.ide.mcu.externaltools.gnu-tools-for-stm32.10.3-2021.10.macos64_1.0.100.202210260954/tools/bin/../lib/gcc/arm-none-eabi/10.3.1/../../../../arm-none-eabi/lib/thumb/v7e-m+fp/hard/crt0.o
LOAD ./Src/car-unit-src/cu.o
LOAD ./Src/collision-detection-unit-src/cdu.o
LOAD ./Src/drivers/ADC/ADC.o
LOAD ./Src/drivers/EXTI/EXTI.o
LOAD ./Src/drivers/LED/LED.o
LOAD ./Src/drivers/UART/UART.o
LOAD ./Src/init/init.o
LOAD ./Src/kernel/kernel.o
LOAD ./Src/kernel/mb/mb.o
LOAD ./Src/kernel/sched/sched.o
LOAD ./Src/kernel/sem/semaphore.o
LOAD ./Src/main.o
LOAD ./Src/syscalls.o
LOAD ./Src/sysmem.o
LOAD ./Src/timers/tim2/tim2.o
LOAD ./Src/ysAPI/ysRTOS.o
LOAD ./Startup/startup_stm32f411retx.o
START GROUP
LOAD /Applications/STM32CubeIDE.app/Contents/Eclipse/plugins/com.st.stm32cube.ide.mcu.externaltools.gnu-tools-for-stm32.10.3-2021.10.macos64_1.0.100.202210260954/tools/bin/../lib/gcc/arm-none-eabi/10.3.1/../../../../arm-none-eabi/lib/thumb/v7e-m+fp/hard/libc_nano.a
LOAD /Applications/STM32CubeIDE.app/Contents/Eclipse/plugins/com.st.stm32cube.ide.mcu.externaltools.gnu-tools-for-stm32.10.3-2021.10.macos64_1.0.100.202210260954/tools/bin/../lib/gcc/arm-none-eabi/10.3.1/../../../../arm-none-eabi/lib/thumb/v7e-m+fp/hard/libm.a
END GROUP
START GROUP
LOAD /Applications/STM32CubeIDE.app/Contents/Eclipse/plugins/com.st.stm32cube.ide.mcu.externaltools.gnu-tools-for-stm32.10.3-2021.10.macos64_1.0.100.202210260954/tools/bin/../lib/gcc/arm-none-eabi/10.3.1/thumb/v7e-m+fp/hard/libgcc.a
LOAD /Applications/STM32CubeIDE.app/Contents/Eclipse/plugins/com.st.stm32cube.ide.mcu.externaltools.gnu-tools-for-stm32.10.3-2021.10.macos64_1.0.100.202210260954/tools/bin/../lib/gcc/arm-none-eabi/10.3.1/../../../../arm-none-eabi/lib/thumb/v7e-m+fp/hard/libc_nano.a
END GROUP
START GROUP
LOAD /Applications/STM32CubeIDE.app/Contents/Eclipse/plugins/com.st.stm32cube.ide.mcu.externaltools.gnu-tools-for-stm32.10.3-2021.10.macos64_1.0.100.202210260954/tools/bin/../lib/gcc/arm-none-eabi/10.3.1/thumb/v7e-m+fp/hard/libgcc.a
LOAD /Applications/STM32CubeIDE.app/Contents/Eclipse/plugins/com.st.stm32cube.ide.mcu.externaltools.gnu-tools-for-stm32.10.3-2021.10.macos64_1.0.100.202210260954/tools/bin/../lib/gcc/arm-none-eabi/10.3.1/../../../../arm-none-eabi/lib/thumb/v7e-m+fp/hard/libc_nano.a
LOAD /Applications/STM32CubeIDE.app/Contents/Eclipse/plugins/com.st.stm32cube.ide.mcu.externaltools.gnu-tools-for-stm32.10.3-2021.10.macos64_1.0.100.202210260954/tools/bin/../lib/gcc/arm-none-eabi/10.3.1/../../../../arm-none-eabi/lib/thumb/v7e-m+fp/hard/libnosys.a
END GROUP
START GROUP
LOAD /Applications/STM32CubeIDE.app/Contents/Eclipse/plugins/com.st.stm32cube.ide.mcu.externaltools.gnu-tools-for-stm32.10.3-2021.10.macos64_1.0.100.202210260954/tools/bin/../lib/gcc/arm-none-eabi/10.3.1/thumb/v7e-m+fp/hard/libgcc.a
LOAD /Applications/STM32CubeIDE.app/Contents/Eclipse/plugins/com.st.stm32cube.ide.mcu.externaltools.gnu-tools-for-stm32.10.3-2021.10.macos64_1.0.100.202210260954/tools/bin/../lib/gcc/arm-none-eabi/10.3.1/../../../../arm-none-eabi/lib/thumb/v7e-m+fp/hard/libc_nano.a
LOAD /Applications/STM32CubeIDE.app/Contents/Eclipse/plugins/com.st.stm32cube.ide.mcu.externaltools.gnu-tools-for-stm32.10.3-2021.10.macos64_1.0.100.202210260954/tools/bin/../lib/gcc/arm-none-eabi/10.3.1/../../../../arm-none-eabi/lib/thumb/v7e-m+fp/hard/libnosys.a
END GROUP
LOAD /Applications/STM32CubeIDE.app/Contents/Eclipse/plugins/com.st.stm32cube.ide.mcu.externaltools.gnu-tools-for-stm32.10.3-2021.10.macos64_1.0.100.202210260954/tools/bin/../lib/gcc/arm-none-eabi/10.3.1/thumb/v7e-m+fp/hard/crtend.o
LOAD /Applications/STM32CubeIDE.app/Contents/Eclipse/plugins/com.st.stm32cube.ide.mcu.externaltools.gnu-tools-for-stm32.10.3-2021.10.macos64_1.0.100.202210260954/tools/bin/../lib/gcc/arm-none-eabi/10.3.1/thumb/v7e-m+fp/hard/crtn.o
                0x0000000020020000                _estack = (ORIGIN (RAM) + LENGTH (RAM))
                0x0000000000000200                _Min_Heap_Size = 0x200
                0x0000000000000400                _Min_Stack_Size = 0x400

.isr_vector     0x0000000008000000      0x198
                0x0000000008000000                . = ALIGN (0x4)
 *(.isr_vector)
 .isr_vector    0x0000000008000000      0x198 ./Startup/startup_stm32f411retx.o
                0x0000000008000000                g_pfnVectors
                0x0000000008000198                . = ALIGN (0x4)

.text           0x00000000080001a0     0x1c04
                0x00000000080001a0                . = ALIGN (0x4)
 *(.text)
 .text          0x00000000080001a0       0x40 /Applications/STM32CubeIDE.app/Contents/Eclipse/plugins/com.st.stm32cube.ide.mcu.externaltools.gnu-tools-for-stm32.10.3-2021.10.macos64_1.0.100.202210260954/tools/bin/../lib/gcc/arm-none-eabi/10.3.1/thumb/v7e-m+fp/hard/crtbegin.o
 .text          0x00000000080001e0       0xa0 /Applications/STM32CubeIDE.app/Contents/Eclipse/plugins/com.st.stm32cube.ide.mcu.externaltools.gnu-tools-for-stm32.10.3-2021.10.macos64_1.0.100.202210260954/tools/bin/../lib/gcc/arm-none-eabi/10.3.1/../../../../arm-none-eabi/lib/thumb/v7e-m+fp/hard/libc_nano.a(lib_a-memchr.o)
                0x00000000080001e0                memchr
 *(.text*)
 .text.GPIOB_INIT
                0x0000000008000280       0x9c ./Src/car-unit-src/cu.o
                0x0000000008000280                GPIOB_INIT
 .text.PB_1_HIGH
                0x000000000800031c       0x20 ./Src/car-unit-src/cu.o
                0x000000000800031c                PB_1_HIGH
 .text.PB_1_LOW
                0x000000000800033c       0x20 ./Src/car-unit-src/cu.o
                0x000000000800033c                PB_1_LOW
 .text.car_init
                0x000000000800035c       0x10 ./Src/car-unit-src/cu.o
                0x000000000800035c                car_init
 .text.car_start
                0x000000000800036c        0xc ./Src/car-unit-src/cu.o
                0x000000000800036c                car_start
 .text.car_stop
                0x0000000008000378        0xc ./Src/car-unit-src/cu.o
                0x0000000008000378                car_stop
 .text.GPIOB_PB2_READ
                0x0000000008000384       0x24 ./Src/collision-detection-unit-src/cdu.o
                0x0000000008000384                GPIOB_PB2_READ
 .text.proximity_sensor_init
                0x00000000080003a8        0xc ./Src/collision-detection-unit-src/cdu.o
                0x00000000080003a8                proximity_sensor_init
 .text.get_proximity
                0x00000000080003b4       0x10 ./Src/collision-detection-unit-src/cdu.o
                0x00000000080003b4                get_proximity
 .text.EXTI15_10_IRQHandler
                0x00000000080003c4       0x20 ./Src/drivers/EXTI/EXTI.o
                0x00000000080003c4                EXTI15_10_IRQHandler
 .text.LED_INIT
                0x00000000080003e4       0x3c ./Src/drivers/LED/LED.o
                0x00000000080003e4                LED_INIT
 .text.LED_ON   0x0000000008000420       0x20 ./Src/drivers/LED/LED.o
                0x0000000008000420                LED_ON
 .text.LED_OFF  0x0000000008000440       0x20 ./Src/drivers/LED/LED.o
                0x0000000008000440                LED_OFF
 .text.__io_putchar
                0x0000000008000460       0x18 ./Src/drivers/UART/UART.o
                0x0000000008000460                __io_putchar
 .text.UART_INIT
                0x0000000008000478        0xc ./Src/drivers/UART/UART.o
                0x0000000008000478                UART_INIT
 .text.uart_tx_init
                0x0000000008000484       0x94 ./Src/drivers/UART/UART.o
                0x0000000008000484                uart_tx_init
 .text.uart_write
                0x0000000008000518       0x30 ./Src/drivers/UART/UART.o
                0x0000000008000518                uart_write
 .text.set_uart_baudrate
                0x0000000008000548       0x24 ./Src/drivers/UART/UART.o
                0x0000000008000548                set_uart_baudrate
 .text.compute_uart_baudrate
                0x000000000800056c       0x24 ./Src/drivers/UART/UART.o
                0x000000000800056c                compute_uart_baudrate
 .text.__init__
                0x0000000008000590       0x14 ./Src/init/init.o
                0x0000000008000590                __init__
 .text.__NVIC_SetPriority
                0x00000000080005a4       0x54 ./Src/kernel/kernel.o
 .text._loop_   0x00000000080005f8        0x6 ./Src/kernel/kernel.o
                0x00000000080005f8                _loop_
 *fill*         0x00000000080005fe        0x2 
 .text.kernel_init
                0x0000000008000600       0x9c ./Src/kernel/kernel.o
                0x0000000008000600                kernel_init
 .text.stk_init
                0x000000000800069c       0x58 ./Src/kernel/kernel.o
                0x000000000800069c                stk_init
 .text.kernel_launch
                0x00000000080006f4       0x7c ./Src/kernel/kernel.o
                0x00000000080006f4                kernel_launch
 .text.add_thread
                0x0000000008000770      0x148 ./Src/kernel/kernel.o
                0x0000000008000770                add_thread
 .text.scheduler_launch
                0x00000000080008b8       0x30 ./Src/kernel/sched/sched.o
                0x00000000080008b8                scheduler_launch
 .text.PendSV_Handler
                0x00000000080008e8        0x2 ./Src/kernel/sched/sched.o
                0x00000000080008e8                PendSV_Handler
 *fill*         0x00000000080008ea        0x2 
 .text.SysTick_Handler
                0x00000000080008ec       0x24 ./Src/kernel/sched/sched.o
                0x00000000080008ec                SysTick_Handler
 .text.semaphore_give
                0x0000000008000910       0x26 ./Src/kernel/sem/semaphore.o
                0x0000000008000910                semaphore_give
 .text.semaphore_wait
                0x0000000008000936       0x38 ./Src/kernel/sem/semaphore.o
                0x0000000008000936                semaphore_wait
 .text.semaphore_init
                0x000000000800096e       0x1c ./Src/kernel/sem/semaphore.o
                0x000000000800096e                semaphore_init
 *fill*         0x000000000800098a        0x2 
 .text.t        0x000000000800098c       0x30 ./Src/main.o
                0x000000000800098c                t
 .text.main     0x00000000080009bc       0x20 ./Src/main.o
                0x00000000080009bc                main
 .text._kill    0x00000000080009dc       0x20 ./Src/syscalls.o
                0x00000000080009dc                _kill
 .text._exit    0x00000000080009fc       0x14 ./Src/syscalls.o
                0x00000000080009fc                _exit
 .text._read    0x0000000008000a10       0x3a ./Src/syscalls.o
                0x0000000008000a10                _read
 .text._write   0x0000000008000a4a       0x38 ./Src/syscalls.o
                0x0000000008000a4a                _write
 .text._close   0x0000000008000a82       0x18 ./Src/syscalls.o
                0x0000000008000a82                _close
 .text._fstat   0x0000000008000a9a       0x20 ./Src/syscalls.o
                0x0000000008000a9a                _fstat
 .text._isatty  0x0000000008000aba       0x16 ./Src/syscalls.o
                0x0000000008000aba                _isatty
 .text._lseek   0x0000000008000ad0       0x1a ./Src/syscalls.o
                0x0000000008000ad0                _lseek
 *fill*         0x0000000008000aea        0x2 
 .text._sbrk    0x0000000008000aec       0x6c ./Src/sysmem.o
                0x0000000008000aec                _sbrk
 .text.__NVIC_EnableIRQ
                0x0000000008000b58       0x3c ./Src/timers/tim2/tim2.o
 .text.__NVIC_SetPriority
                0x0000000008000b94       0x54 ./Src/timers/tim2/tim2.o
 .text.tim2_1ms_interrupt_init
                0x0000000008000be8       0x58 ./Src/timers/tim2/tim2.o
                0x0000000008000be8                tim2_1ms_interrupt_init
 .text.TIM2_IRQHandler
                0x0000000008000c40       0xe0 ./Src/timers/tim2/tim2.o
                0x0000000008000c40                TIM2_IRQHandler
 .text.osAddThread
                0x0000000008000d20       0x1a ./Src/ysAPI/ysRTOS.o
                0x0000000008000d20                osAddThread
 .text.osSemaphoreGive
                0x0000000008000d3a       0x16 ./Src/ysAPI/ysRTOS.o
                0x0000000008000d3a                osSemaphoreGive
 .text.osSemaphoreWait
                0x0000000008000d50       0x16 ./Src/ysAPI/ysRTOS.o
                0x0000000008000d50                osSemaphoreWait
 *fill*         0x0000000008000d66        0x2 
 .text.osLEDOn  0x0000000008000d68       0x1c ./Src/ysAPI/ysRTOS.o
                0x0000000008000d68                osLEDOn
 .text.osLEDOff
                0x0000000008000d84       0x1c ./Src/ysAPI/ysRTOS.o
                0x0000000008000d84                osLEDOff
 .text.Reset_Handler
                0x0000000008000da0       0x50 ./Startup/startup_stm32f411retx.o
                0x0000000008000da0                Reset_Handler
 .text.Default_Handler
                0x0000000008000df0        0x2 ./Startup/startup_stm32f411retx.o
                0x0000000008000df0                DMA1_Stream3_IRQHandler
                0x0000000008000df0                EXTI2_IRQHandler
                0x0000000008000df0                DebugMon_Handler
                0x0000000008000df0                SPI4_IRQHandler
                0x0000000008000df0                TIM1_CC_IRQHandler
                0x0000000008000df0                DMA2_Stream5_IRQHandler
                0x0000000008000df0                HardFault_Handler
                0x0000000008000df0                DMA1_Stream5_IRQHandler
                0x0000000008000df0                PVD_IRQHandler
                0x0000000008000df0                SDIO_IRQHandler
                0x0000000008000df0                TAMP_STAMP_IRQHandler
                0x0000000008000df0                NMI_Handler
                0x0000000008000df0                EXTI3_IRQHandler
                0x0000000008000df0                TIM1_UP_TIM10_IRQHandler
                0x0000000008000df0                I2C3_ER_IRQHandler
                0x0000000008000df0                EXTI0_IRQHandler
                0x0000000008000df0                I2C2_EV_IRQHandler
                0x0000000008000df0                DMA1_Stream2_IRQHandler
                0x0000000008000df0                UsageFault_Handler
                0x0000000008000df0                DMA2_Stream2_IRQHandler
                0x0000000008000df0                SPI1_IRQHandler
                0x0000000008000df0                TIM1_BRK_TIM9_IRQHandler
                0x0000000008000df0                DMA2_Stream3_IRQHandler
                0x0000000008000df0                USART6_IRQHandler
                0x0000000008000df0                DMA2_Stream0_IRQHandler
                0x0000000008000df0                TIM4_IRQHandler
                0x0000000008000df0                I2C1_EV_IRQHandler
                0x0000000008000df0                DMA1_Stream6_IRQHandler
                0x0000000008000df0                DMA1_Stream1_IRQHandler
                0x0000000008000df0                TIM3_IRQHandler
                0x0000000008000df0                RCC_IRQHandler
                0x0000000008000df0                Default_Handler
                0x0000000008000df0                ADC_IRQHandler
                0x0000000008000df0                DMA1_Stream7_IRQHandler
                0x0000000008000df0                SPI5_IRQHandler
                0x0000000008000df0                TIM5_IRQHandler
                0x0000000008000df0                DMA2_Stream7_IRQHandler
                0x0000000008000df0                I2C3_EV_IRQHandler
                0x0000000008000df0                EXTI9_5_IRQHandler
                0x0000000008000df0                RTC_WKUP_IRQHandler
                0x0000000008000df0                SPI2_IRQHandler
                0x0000000008000df0                MemManage_Handler
                0x0000000008000df0                DMA1_Stream0_IRQHandler
                0x0000000008000df0                SVC_Handler
                0x0000000008000df0                EXTI4_IRQHandler
                0x0000000008000df0                WWDG_IRQHandler
                0x0000000008000df0                OTG_FS_WKUP_IRQHandler
                0x0000000008000df0                TIM1_TRG_COM_TIM11_IRQHandler
                0x0000000008000df0                EXTI1_IRQHandler
                0x0000000008000df0                USART2_IRQHandler
                0x0000000008000df0                I2C2_ER_IRQHandler
                0x0000000008000df0                DMA2_Stream1_IRQHandler
                0x0000000008000df0                FLASH_IRQHandler
                0x0000000008000df0                DMA2_Stream4_IRQHandler
                0x0000000008000df0                BusFault_Handler
                0x0000000008000df0                USART1_IRQHandler
                0x0000000008000df0                OTG_FS_IRQHandler
                0x0000000008000df0                SPI3_IRQHandler
                0x0000000008000df0                DMA1_Stream4_IRQHandler
                0x0000000008000df0                I2C1_ER_IRQHandler
                0x0000000008000df0                DMA2_Stream6_IRQHandler
                0x0000000008000df0                RTC_Alarm_IRQHandler
 *fill*         0x0000000008000df2        0x2 
 .text.__errno  0x0000000008000df4        0xc /Applications/STM32CubeIDE.app/Contents/Eclipse/plugins/com.st.stm32cube.ide.mcu.externaltools.gnu-tools-for-stm32.10.3-2021.10.macos64_1.0.100.202210260954/tools/bin/../lib/gcc/arm-none-eabi/10.3.1/../../../../arm-none-eabi/lib/thumb/v7e-m+fp/hard/libc_nano.a(lib_a-errno.o)
                0x0000000008000df4                __errno
 .text.exit     0x0000000008000e00       0x28 /Applications/STM32CubeIDE.app/Contents/Eclipse/plugins/com.st.stm32cube.ide.mcu.externaltools.gnu-tools-for-stm32.10.3-2021.10.macos64_1.0.100.202210260954/tools/bin/../lib/gcc/arm-none-eabi/10.3.1/../../../../arm-none-eabi/lib/thumb/v7e-m+fp/hard/libc_nano.a(lib_a-exit.o)
                0x0000000008000e00                exit
 .text.fprintf  0x0000000008000e28       0x24 /Applications/STM32CubeIDE.app/Contents/Eclipse/plugins/com.st.stm32cube.ide.mcu.externaltools.gnu-tools-for-stm32.10.3-2021.10.macos64_1.0.100.202210260954/tools/bin/../lib/gcc/arm-none-eabi/10.3.1/../../../../arm-none-eabi/lib/thumb/v7e-m+fp/hard/libc_nano.a(lib_a-fprintf.o)
                0x0000000008000e28                fprintf
                0x0000000008000e28                fiprintf
 .text.__libc_init_array
                0x0000000008000e4c       0x48 /Applications/STM32CubeIDE.app/Contents/Eclipse/plugins/com.st.stm32cube.ide.mcu.externaltools.gnu-tools-for-stm32.10.3-2021.10.macos64_1.0.100.202210260954/tools/bin/../lib/gcc/arm-none-eabi/10.3.1/../../../../arm-none-eabi/lib/thumb/v7e-m+fp/hard/libc_nano.a(lib_a-init.o)
                0x0000000008000e4c                __libc_init_array
 .text.__retarget_lock_init_recursive
                0x0000000008000e94        0x2 /Applications/STM32CubeIDE.app/Contents/Eclipse/plugins/com.st.stm32cube.ide.mcu.externaltools.gnu-tools-for-stm32.10.3-2021.10.macos64_1.0.100.202210260954/tools/bin/../lib/gcc/arm-none-eabi/10.3.1/../../../../arm-none-eabi/lib/thumb/v7e-m+fp/hard/libc_nano.a(lib_a-lock.o)
                0x0000000008000e94                __retarget_lock_init_recursive
 .text.__retarget_lock_acquire_recursive
                0x0000000008000e96        0x2 /Applications/STM32CubeIDE.app/Contents/Eclipse/plugins/com.st.stm32cube.ide.mcu.externaltools.gnu-tools-for-stm32.10.3-2021.10.macos64_1.0.100.202210260954/tools/bin/../lib/gcc/arm-none-eabi/10.3.1/../../../../arm-none-eabi/lib/thumb/v7e-m+fp/hard/libc_nano.a(lib_a-lock.o)
                0x0000000008000e96                __retarget_lock_acquire_recursive
 .text.__retarget_lock_release_recursive
                0x0000000008000e98        0x2 /Applications/STM32CubeIDE.app/Contents/Eclipse/plugins/com.st.stm32cube.ide.mcu.externaltools.gnu-tools-for-stm32.10.3-2021.10.macos64_1.0.100.202210260954/tools/bin/../lib/gcc/arm-none-eabi/10.3.1/../../../../arm-none-eabi/lib/thumb/v7e-m+fp/hard/libc_nano.a(lib_a-lock.o)
                0x0000000008000e98                __retarget_lock_release_recursive
 .text.memset   0x0000000008000e9a       0x10 /Applications/STM32CubeIDE.app/Contents/Eclipse/plugins/com.st.stm32cube.ide.mcu.externaltools.gnu-tools-for-stm32.10.3-2021.10.macos64_1.0.100.202210260954/tools/bin/../lib/gcc/arm-none-eabi/10.3.1/../../../../arm-none-eabi/lib/thumb/v7e-m+fp/hard/libc_nano.a(lib_a-memset.o)
                0x0000000008000e9a                memset
 .text.__sfputc_r
                0x0000000008000eaa       0x2e /Applications/STM32CubeIDE.app/Contents/Eclipse/plugins/com.st.stm32cube.ide.mcu.externaltools.gnu-tools-for-stm32.10.3-2021.10.macos64_1.0.100.202210260954/tools/bin/../lib/gcc/arm-none-eabi/10.3.1/../../../../arm-none-eabi/lib/thumb/v7e-m+fp/hard/libc_nano.a(lib_a-nano-vfprintf.o)
 .text.__sfputs_r
                0x0000000008000ed8       0x24 /Applications/STM32CubeIDE.app/Contents/Eclipse/plugins/com.st.stm32cube.ide.mcu.externaltools.gnu-tools-for-stm32.10.3-2021.10.macos64_1.0.100.202210260954/tools/bin/../lib/gcc/arm-none-eabi/10.3.1/../../../../arm-none-eabi/lib/thumb/v7e-m+fp/hard/libc_nano.a(lib_a-nano-vfprintf.o)
                0x0000000008000ed8                __sfputs_r
 .text._vfprintf_r
                0x0000000008000efc      0x260 /Applications/STM32CubeIDE.app/Contents/Eclipse/plugins/com.st.stm32cube.ide.mcu.externaltools.gnu-tools-for-stm32.10.3-2021.10.macos64_1.0.100.202210260954/tools/bin/../lib/gcc/arm-none-eabi/10.3.1/../../../../arm-none-eabi/lib/thumb/v7e-m+fp/hard/libc_nano.a(lib_a-nano-vfprintf.o)
                0x0000000008000efc                _vfiprintf_r
                0x0000000008000efc                _vfprintf_r
 .text._printf_common
                0x000000000800115c       0xda /Applications/STM32CubeIDE.app/Contents/Eclipse/plugins/com.st.stm32cube.ide.mcu.externaltools.gnu-tools-for-stm32.10.3-2021.10.macos64_1.0.100.202210260954/tools/bin/../lib/gcc/arm-none-eabi/10.3.1/../../../../arm-none-eabi/lib/thumb/v7e-m+fp/hard/libc_nano.a(lib_a-nano-vfprintf_i.o)
                0x000000000800115c                _printf_common
 *fill*         0x0000000008001236        0x2 
 .text._printf_i
                0x0000000008001238      0x24c /Applications/STM32CubeIDE.app/Contents/Eclipse/plugins/com.st.stm32cube.ide.mcu.externaltools.gnu-tools-for-stm32.10.3-2021.10.macos64_1.0.100.202210260954/tools/bin/../lib/gcc/arm-none-eabi/10.3.1/../../../../arm-none-eabi/lib/thumb/v7e-m+fp/hard/libc_nano.a(lib_a-nano-vfprintf_i.o)
                0x0000000008001238                _printf_i
 .text.__swbuf_r
                0x0000000008001484       0xa4 /Applications/STM32CubeIDE.app/Contents/Eclipse/plugins/com.st.stm32cube.ide.mcu.externaltools.gnu-tools-for-stm32.10.3-2021.10.macos64_1.0.100.202210260954/tools/bin/../lib/gcc/arm-none-eabi/10.3.1/../../../../arm-none-eabi/lib/thumb/v7e-m+fp/hard/libc_nano.a(lib_a-wbuf.o)
                0x0000000008001484                __swbuf_r
 .text.__swsetup_r
                0x0000000008001528       0xdc /Applications/STM32CubeIDE.app/Contents/Eclipse/plugins/com.st.stm32cube.ide.mcu.externaltools.gnu-tools-for-stm32.10.3-2021.10.macos64_1.0.100.202210260954/tools/bin/../lib/gcc/arm-none-eabi/10.3.1/../../../../arm-none-eabi/lib/thumb/v7e-m+fp/hard/libc_nano.a(lib_a-wsetup.o)
                0x0000000008001528                __swsetup_r
 .text.__sflush_r
                0x0000000008001604      0x10c /Applications/STM32CubeIDE.app/Contents/Eclipse/plugins/com.st.stm32cube.ide.mcu.externaltools.gnu-tools-for-stm32.10.3-2021.10.macos64_1.0.100.202210260954/tools/bin/../lib/gcc/arm-none-eabi/10.3.1/../../../../arm-none-eabi/lib/thumb/v7e-m+fp/hard/libc_nano.a(lib_a-fflush.o)
                0x0000000008001604                __sflush_r
 .text._fflush_r
                0x0000000008001710       0x78 /Applications/STM32CubeIDE.app/Contents/Eclipse/plugins/com.st.stm32cube.ide.mcu.externaltools.gnu-tools-for-stm32.10.3-2021.10.macos64_1.0.100.202210260954/tools/bin/../lib/gcc/arm-none-eabi/10.3.1/../../../../arm-none-eabi/lib/thumb/v7e-m+fp/hard/libc_nano.a(lib_a-fflush.o)
                0x0000000008001710                _fflush_r
 .text.std      0x0000000008001788       0x48 /Applications/STM32CubeIDE.app/Contents/Eclipse/plugins/com.st.stm32cube.ide.mcu.externaltools.gnu-tools-for-stm32.10.3-2021.10.macos64_1.0.100.202210260954/tools/bin/../lib/gcc/arm-none-eabi/10.3.1/../../../../arm-none-eabi/lib/thumb/v7e-m+fp/hard/libc_nano.a(lib_a-findfp.o)
 .text._cleanup_r
                0x00000000080017d0        0xc /Applications/STM32CubeIDE.app/Contents/Eclipse/plugins/com.st.stm32cube.ide.mcu.externaltools.gnu-tools-for-stm32.10.3-2021.10.macos64_1.0.100.202210260954/tools/bin/../lib/gcc/arm-none-eabi/10.3.1/../../../../arm-none-eabi/lib/thumb/v7e-m+fp/hard/libc_nano.a(lib_a-findfp.o)
                0x00000000080017d0                _cleanup_r
 .text.__sfmoreglue
                0x00000000080017dc       0x2c /Applications/STM32CubeIDE.app/Contents/Eclipse/plugins/com.st.stm32cube.ide.mcu.externaltools.gnu-tools-for-stm32.10.3-2021.10.macos64_1.0.100.202210260954/tools/bin/../lib/gcc/arm-none-eabi/10.3.1/../../../../arm-none-eabi/lib/thumb/v7e-m+fp/hard/libc_nano.a(lib_a-findfp.o)
                0x00000000080017dc                __sfmoreglue
 .text.__sfp_lock_acquire
                0x0000000008001808        0xc /Applications/STM32CubeIDE.app/Contents/Eclipse/plugins/com.st.stm32cube.ide.mcu.externaltools.gnu-tools-for-stm32.10.3-2021.10.macos64_1.0.100.202210260954/tools/bin/../lib/gcc/arm-none-eabi/10.3.1/../../../../arm-none-eabi/lib/thumb/v7e-m+fp/hard/libc_nano.a(lib_a-findfp.o)
                0x0000000008001808                __sfp_lock_acquire
 .text.__sfp_lock_release
                0x0000000008001814        0xc /Applications/STM32CubeIDE.app/Contents/Eclipse/plugins/com.st.stm32cube.ide.mcu.externaltools.gnu-tools-for-stm32.10.3-2021.10.macos64_1.0.100.202210260954/tools/bin/../lib/gcc/arm-none-eabi/10.3.1/../../../../arm-none-eabi/lib/thumb/v7e-m+fp/hard/libc_nano.a(lib_a-findfp.o)
                0x0000000008001814                __sfp_lock_release
 .text.__sinit_lock_acquire
                0x0000000008001820        0xc /Applications/STM32CubeIDE.app/Contents/Eclipse/plugins/com.st.stm32cube.ide.mcu.externaltools.gnu-tools-for-stm32.10.3-2021.10.macos64_1.0.100.202210260954/tools/bin/../lib/gcc/arm-none-eabi/10.3.1/../../../../arm-none-eabi/lib/thumb/v7e-m+fp/hard/libc_nano.a(lib_a-findfp.o)
                0x0000000008001820                __sinit_lock_acquire
 .text.__sinit_lock_release
                0x000000000800182c        0xc /Applications/STM32CubeIDE.app/Contents/Eclipse/plugins/com.st.stm32cube.ide.mcu.externaltools.gnu-tools-for-stm32.10.3-2021.10.macos64_1.0.100.202210260954/tools/bin/../lib/gcc/arm-none-eabi/10.3.1/../../../../arm-none-eabi/lib/thumb/v7e-m+fp/hard/libc_nano.a(lib_a-findfp.o)
                0x000000000800182c                __sinit_lock_release
 .text.__sinit  0x0000000008001838       0x70 /Applications/STM32CubeIDE.app/Contents/Eclipse/plugins/com.st.stm32cube.ide.mcu.externaltools.gnu-tools-for-stm32.10.3-2021.10.macos64_1.0.100.202210260954/tools/bin/../lib/gcc/arm-none-eabi/10.3.1/../../../../arm-none-eabi/lib/thumb/v7e-m+fp/hard/libc_nano.a(lib_a-findfp.o)
                0x0000000008001838                __sinit
 .text.__sfp    0x00000000080018a8       0x8c /Applications/STM32CubeIDE.app/Contents/Eclipse/plugins/com.st.stm32cube.ide.mcu.externaltools.gnu-tools-for-stm32.10.3-2021.10.macos64_1.0.100.202210260954/tools/bin/../lib/gcc/arm-none-eabi/10.3.1/../../../../arm-none-eabi/lib/thumb/v7e-m+fp/hard/libc_nano.a(lib_a-findfp.o)
                0x00000000080018a8                __sfp
 .text._fwalk_reent
                0x0000000008001934       0x3e /Applications/STM32CubeIDE.app/Contents/Eclipse/plugins/com.st.stm32cube.ide.mcu.externaltools.gnu-tools-for-stm32.10.3-2021.10.macos64_1.0.100.202210260954/tools/bin/../lib/gcc/arm-none-eabi/10.3.1/../../../../arm-none-eabi/lib/thumb/v7e-m+fp/hard/libc_nano.a(lib_a-fwalk.o)
                0x0000000008001934                _fwalk_reent
 .text.__swhatbuf_r
                0x0000000008001972       0x4a /Applications/STM32CubeIDE.app/Contents/Eclipse/plugins/com.st.stm32cube.ide.mcu.externaltools.gnu-tools-for-stm32.10.3-2021.10.macos64_1.0.100.202210260954/tools/bin/../lib/gcc/arm-none-eabi/10.3.1/../../../../arm-none-eabi/lib/thumb/v7e-m+fp/hard/libc_nano.a(lib_a-makebuf.o)
                0x0000000008001972                __swhatbuf_r
 .text.__smakebuf_r
                0x00000000080019bc       0x80 /Applications/STM32CubeIDE.app/Contents/Eclipse/plugins/com.st.stm32cube.ide.mcu.externaltools.gnu-tools-for-stm32.10.3-2021.10.macos64_1.0.100.202210260954/tools/bin/../lib/gcc/arm-none-eabi/10.3.1/../../../../arm-none-eabi/lib/thumb/v7e-m+fp/hard/libc_nano.a(lib_a-makebuf.o)
                0x00000000080019bc                __smakebuf_r
 .text._free_r  0x0000000008001a3c       0x98 /Applications/STM32CubeIDE.app/Contents/Eclipse/plugins/com.st.stm32cube.ide.mcu.externaltools.gnu-tools-for-stm32.10.3-2021.10.macos64_1.0.100.202210260954/tools/bin/../lib/gcc/arm-none-eabi/10.3.1/../../../../arm-none-eabi/lib/thumb/v7e-m+fp/hard/libc_nano.a(lib_a-nano-freer.o)
                0x0000000008001a3c                _free_r
 .text.sbrk_aligned
                0x0000000008001ad4       0x40 /Applications/STM32CubeIDE.app/Contents/Eclipse/plugins/com.st.stm32cube.ide.mcu.externaltools.gnu-tools-for-stm32.10.3-2021.10.macos64_1.0.100.202210260954/tools/bin/../lib/gcc/arm-none-eabi/10.3.1/../../../../arm-none-eabi/lib/thumb/v7e-m+fp/hard/libc_nano.a(lib_a-nano-mallocr.o)
 .text._malloc_r
                0x0000000008001b14       0xe8 /Applications/STM32CubeIDE.app/Contents/Eclipse/plugins/com.st.stm32cube.ide.mcu.externaltools.gnu-tools-for-stm32.10.3-2021.10.macos64_1.0.100.202210260954/tools/bin/../lib/gcc/arm-none-eabi/10.3.1/../../../../arm-none-eabi/lib/thumb/v7e-m+fp/hard/libc_nano.a(lib_a-nano-mallocr.o)
                0x0000000008001b14                _malloc_r
 .text._sbrk_r  0x0000000008001bfc       0x20 /Applications/STM32CubeIDE.app/Contents/Eclipse/plugins/com.st.stm32cube.ide.mcu.externaltools.gnu-tools-for-stm32.10.3-2021.10.macos64_1.0.100.202210260954/tools/bin/../lib/gcc/arm-none-eabi/10.3.1/../../../../arm-none-eabi/lib/thumb/v7e-m+fp/hard/libc_nano.a(lib_a-sbrkr.o)
                0x0000000008001bfc                _sbrk_r
 .text.__sread  0x0000000008001c1c       0x22 /Applications/STM32CubeIDE.app/Contents/Eclipse/plugins/com.st.stm32cube.ide.mcu.externaltools.gnu-tools-for-stm32.10.3-2021.10.macos64_1.0.100.202210260954/tools/bin/../lib/gcc/arm-none-eabi/10.3.1/../../../../arm-none-eabi/lib/thumb/v7e-m+fp/hard/libc_nano.a(lib_a-stdio.o)
                0x0000000008001c1c                __sread
 .text.__swrite
                0x0000000008001c3e       0x38 /Applications/STM32CubeIDE.app/Contents/Eclipse/plugins/com.st.stm32cube.ide.mcu.externaltools.gnu-tools-for-stm32.10.3-2021.10.macos64_1.0.100.202210260954/tools/bin/../lib/gcc/arm-none-eabi/10.3.1/../../../../arm-none-eabi/lib/thumb/v7e-m+fp/hard/libc_nano.a(lib_a-stdio.o)
                0x0000000008001c3e                __swrite
 .text.__sseek  0x0000000008001c76       0x24 /Applications/STM32CubeIDE.app/Contents/Eclipse/plugins/com.st.stm32cube.ide.mcu.externaltools.gnu-tools-for-stm32.10.3-2021.10.macos64_1.0.100.202210260954/tools/bin/../lib/gcc/arm-none-eabi/10.3.1/../../../../arm-none-eabi/lib/thumb/v7e-m+fp/hard/libc_nano.a(lib_a-stdio.o)
                0x0000000008001c76                __sseek
 .text.__sclose
                0x0000000008001c9a        0x8 /Applications/STM32CubeIDE.app/Contents/Eclipse/plugins/com.st.stm32cube.ide.mcu.externaltools.gnu-tools-for-stm32.10.3-2021.10.macos64_1.0.100.202210260954/tools/bin/../lib/gcc/arm-none-eabi/10.3.1/../../../../arm-none-eabi/lib/thumb/v7e-m+fp/hard/libc_nano.a(lib_a-stdio.o)
                0x0000000008001c9a                __sclose
 *fill*         0x0000000008001ca2        0x2 
 .text._write_r
                0x0000000008001ca4       0x24 /Applications/STM32CubeIDE.app/Contents/Eclipse/plugins/com.st.stm32cube.ide.mcu.externaltools.gnu-tools-for-stm32.10.3-2021.10.macos64_1.0.100.202210260954/tools/bin/../lib/gcc/arm-none-eabi/10.3.1/../../../../arm-none-eabi/lib/thumb/v7e-m+fp/hard/libc_nano.a(lib_a-writer.o)
                0x0000000008001ca4                _write_r
 .text._close_r
                0x0000000008001cc8       0x20 /Applications/STM32CubeIDE.app/Contents/Eclipse/plugins/com.st.stm32cube.ide.mcu.externaltools.gnu-tools-for-stm32.10.3-2021.10.macos64_1.0.100.202210260954/tools/bin/../lib/gcc/arm-none-eabi/10.3.1/../../../../arm-none-eabi/lib/thumb/v7e-m+fp/hard/libc_nano.a(lib_a-closer.o)
                0x0000000008001cc8                _close_r
 .text._fstat_r
                0x0000000008001ce8       0x24 /Applications/STM32CubeIDE.app/Contents/Eclipse/plugins/com.st.stm32cube.ide.mcu.externaltools.gnu-tools-for-stm32.10.3-2021.10.macos64_1.0.100.202210260954/tools/bin/../lib/gcc/arm-none-eabi/10.3.1/../../../../arm-none-eabi/lib/thumb/v7e-m+fp/hard/libc_nano.a(lib_a-fstatr.o)
                0x0000000008001ce8                _fstat_r
 .text._isatty_r
                0x0000000008001d0c       0x20 /Applications/STM32CubeIDE.app/Contents/Eclipse/plugins/com.st.stm32cube.ide.mcu.externaltools.gnu-tools-for-stm32.10.3-2021.10.macos64_1.0.100.202210260954/tools/bin/../lib/gcc/arm-none-eabi/10.3.1/../../../../arm-none-eabi/lib/thumb/v7e-m+fp/hard/libc_nano.a(lib_a-isattyr.o)
                0x0000000008001d0c                _isatty_r
 .text._lseek_r
                0x0000000008001d2c       0x24 /Applications/STM32CubeIDE.app/Contents/Eclipse/plugins/com.st.stm32cube.ide.mcu.externaltools.gnu-tools-for-stm32.10.3-2021.10.macos64_1.0.100.202210260954/tools/bin/../lib/gcc/arm-none-eabi/10.3.1/../../../../arm-none-eabi/lib/thumb/v7e-m+fp/hard/libc_nano.a(lib_a-lseekr.o)
                0x0000000008001d2c                _lseek_r
 .text.__malloc_lock
                0x0000000008001d50        0xc /Applications/STM32CubeIDE.app/Contents/Eclipse/plugins/com.st.stm32cube.ide.mcu.externaltools.gnu-tools-for-stm32.10.3-2021.10.macos64_1.0.100.202210260954/tools/bin/../lib/gcc/arm-none-eabi/10.3.1/../../../../arm-none-eabi/lib/thumb/v7e-m+fp/hard/libc_nano.a(lib_a-mlock.o)
                0x0000000008001d50                __malloc_lock
 .text.__malloc_unlock
                0x0000000008001d5c        0xc /Applications/STM32CubeIDE.app/Contents/Eclipse/plugins/com.st.stm32cube.ide.mcu.externaltools.gnu-tools-for-stm32.10.3-2021.10.macos64_1.0.100.202210260954/tools/bin/../lib/gcc/arm-none-eabi/10.3.1/../../../../arm-none-eabi/lib/thumb/v7e-m+fp/hard/libc_nano.a(lib_a-mlock.o)
                0x0000000008001d5c                __malloc_unlock
 .text._read_r  0x0000000008001d68       0x24 /Applications/STM32CubeIDE.app/Contents/Eclipse/plugins/com.st.stm32cube.ide.mcu.externaltools.gnu-tools-for-stm32.10.3-2021.10.macos64_1.0.100.202210260954/tools/bin/../lib/gcc/arm-none-eabi/10.3.1/../../../../arm-none-eabi/lib/thumb/v7e-m+fp/hard/libc_nano.a(lib_a-readr.o)
                0x0000000008001d68                _read_r
 *(.glue_7)
 .glue_7        0x0000000008001d8c        0x0 linker stubs
 *(.glue_7t)
 .glue_7t       0x0000000008001d8c        0x0 linker stubs
 *(.eh_frame)
 .eh_frame      0x0000000008001d8c        0x0 /Applications/STM32CubeIDE.app/Contents/Eclipse/plugins/com.st.stm32cube.ide.mcu.externaltools.gnu-tools-for-stm32.10.3-2021.10.macos64_1.0.100.202210260954/tools/bin/../lib/gcc/arm-none-eabi/10.3.1/thumb/v7e-m+fp/hard/crtbegin.o
 *(.init)
 .init          0x0000000008001d8c        0x4 /Applications/STM32CubeIDE.app/Contents/Eclipse/plugins/com.st.stm32cube.ide.mcu.externaltools.gnu-tools-for-stm32.10.3-2021.10.macos64_1.0.100.202210260954/tools/bin/../lib/gcc/arm-none-eabi/10.3.1/thumb/v7e-m+fp/hard/crti.o
                0x0000000008001d8c                _init
 .init          0x0000000008001d90        0x8 /Applications/STM32CubeIDE.app/Contents/Eclipse/plugins/com.st.stm32cube.ide.mcu.externaltools.gnu-tools-for-stm32.10.3-2021.10.macos64_1.0.100.202210260954/tools/bin/../lib/gcc/arm-none-eabi/10.3.1/thumb/v7e-m+fp/hard/crtn.o
 *(.fini)
 .fini          0x0000000008001d98        0x4 /Applications/STM32CubeIDE.app/Contents/Eclipse/plugins/com.st.stm32cube.ide.mcu.externaltools.gnu-tools-for-stm32.10.3-2021.10.macos64_1.0.100.202210260954/tools/bin/../lib/gcc/arm-none-eabi/10.3.1/thumb/v7e-m+fp/hard/crti.o
                0x0000000008001d98                _fini
 .fini          0x0000000008001d9c        0x8 /Applications/STM32CubeIDE.app/Contents/Eclipse/plugins/com.st.stm32cube.ide.mcu.externaltools.gnu-tools-for-stm32.10.3-2021.10.macos64_1.0.100.202210260954/tools/bin/../lib/gcc/arm-none-eabi/10.3.1/thumb/v7e-m+fp/hard/crtn.o
                0x0000000008001da4                . = ALIGN (0x4)
                0x0000000008001da4                _etext = .

.vfp11_veneer   0x0000000008001da4        0x0
 .vfp11_veneer  0x0000000008001da4        0x0 linker stubs

.v4_bx          0x0000000008001da4        0x0
 .v4_bx         0x0000000008001da4        0x0 linker stubs

.iplt           0x0000000008001da4        0x0
 .iplt          0x0000000008001da4        0x0 /Applications/STM32CubeIDE.app/Contents/Eclipse/plugins/com.st.stm32cube.ide.mcu.externaltools.gnu-tools-for-stm32.10.3-2021.10.macos64_1.0.100.202210260954/tools/bin/../lib/gcc/arm-none-eabi/10.3.1/thumb/v7e-m+fp/hard/crtbegin.o

.rodata         0x0000000008001da4      0x10c
                0x0000000008001da4                . = ALIGN (0x4)
 *(.rodata)
 .rodata        0x0000000008001da4       0x71 ./Src/kernel/kernel.o
 *(.rodata*)
 *fill*         0x0000000008001e15        0x3 
 .rodata._global_impure_ptr
                0x0000000008001e18        0x4 /Applications/STM32CubeIDE.app/Contents/Eclipse/plugins/com.st.stm32cube.ide.mcu.externaltools.gnu-tools-for-stm32.10.3-2021.10.macos64_1.0.100.202210260954/tools/bin/../lib/gcc/arm-none-eabi/10.3.1/../../../../arm-none-eabi/lib/thumb/v7e-m+fp/hard/libc_nano.a(lib_a-impure.o)
                0x0000000008001e18                _global_impure_ptr
 .rodata._vfprintf_r.str1.1
                0x0000000008001e1c       0x11 /Applications/STM32CubeIDE.app/Contents/Eclipse/plugins/com.st.stm32cube.ide.mcu.externaltools.gnu-tools-for-stm32.10.3-2021.10.macos64_1.0.100.202210260954/tools/bin/../lib/gcc/arm-none-eabi/10.3.1/../../../../arm-none-eabi/lib/thumb/v7e-m+fp/hard/libc_nano.a(lib_a-nano-vfprintf.o)
 .rodata._printf_i.str1.1
                0x0000000008001e2d       0x22 /Applications/STM32CubeIDE.app/Contents/Eclipse/plugins/com.st.stm32cube.ide.mcu.externaltools.gnu-tools-for-stm32.10.3-2021.10.macos64_1.0.100.202210260954/tools/bin/../lib/gcc/arm-none-eabi/10.3.1/../../../../arm-none-eabi/lib/thumb/v7e-m+fp/hard/libc_nano.a(lib_a-nano-vfprintf_i.o)
 *fill*         0x0000000008001e4f        0x1 
 .rodata.__sf_fake_stderr
                0x0000000008001e50       0x20 /Applications/STM32CubeIDE.app/Contents/Eclipse/plugins/com.st.stm32cube.ide.mcu.externaltools.gnu-tools-for-stm32.10.3-2021.10.macos64_1.0.100.202210260954/tools/bin/../lib/gcc/arm-none-eabi/10.3.1/../../../../arm-none-eabi/lib/thumb/v7e-m+fp/hard/libc_nano.a(lib_a-findfp.o)
                0x0000000008001e50                __sf_fake_stderr
 .rodata.__sf_fake_stdin
                0x0000000008001e70       0x20 /Applications/STM32CubeIDE.app/Contents/Eclipse/plugins/com.st.stm32cube.ide.mcu.externaltools.gnu-tools-for-stm32.10.3-2021.10.macos64_1.0.100.202210260954/tools/bin/../lib/gcc/arm-none-eabi/10.3.1/../../../../arm-none-eabi/lib/thumb/v7e-m+fp/hard/libc_nano.a(lib_a-findfp.o)
                0x0000000008001e70                __sf_fake_stdin
 .rodata.__sf_fake_stdout
                0x0000000008001e90       0x20 /Applications/STM32CubeIDE.app/Contents/Eclipse/plugins/com.st.stm32cube.ide.mcu.externaltools.gnu-tools-for-stm32.10.3-2021.10.macos64_1.0.100.202210260954/tools/bin/../lib/gcc/arm-none-eabi/10.3.1/../../../../arm-none-eabi/lib/thumb/v7e-m+fp/hard/libc_nano.a(lib_a-findfp.o)
                0x0000000008001e90                __sf_fake_stdout
                0x0000000008001eb0                . = ALIGN (0x4)

.rel.dyn        0x0000000008001eb0        0x0
 .rel.iplt      0x0000000008001eb0        0x0 /Applications/STM32CubeIDE.app/Contents/Eclipse/plugins/com.st.stm32cube.ide.mcu.externaltools.gnu-tools-for-stm32.10.3-2021.10.macos64_1.0.100.202210260954/tools/bin/../lib/gcc/arm-none-eabi/10.3.1/thumb/v7e-m+fp/hard/crtbegin.o

.ARM.extab      0x0000000008001eb0        0x0
                0x0000000008001eb0                . = ALIGN (0x4)
 *(.ARM.extab* .gnu.linkonce.armextab.*)
                0x0000000008001eb0                . = ALIGN (0x4)

.ARM            0x0000000008001eb0        0x0
                0x0000000008001eb0                . = ALIGN (0x4)
                0x0000000008001eb0                __exidx_start = .
 *(.ARM.exidx*)
                0x0000000008001eb0                __exidx_end = .
                0x0000000008001eb0                . = ALIGN (0x4)

.preinit_array  0x0000000008001eb0        0x0
                0x0000000008001eb0                . = ALIGN (0x4)
                0x0000000008001eb0                PROVIDE (__preinit_array_start = .)
 *(.preinit_array*)
                0x0000000008001eb0                PROVIDE (__preinit_array_end = .)
                0x0000000008001eb0                . = ALIGN (0x4)

.init_array     0x0000000008001eb0        0x4
                0x0000000008001eb0                . = ALIGN (0x4)
                0x0000000008001eb0                PROVIDE (__init_array_start = .)
 *(SORT_BY_NAME(.init_array.*))
 *(.init_array*)
 .init_array    0x0000000008001eb0        0x4 /Applications/STM32CubeIDE.app/Contents/Eclipse/plugins/com.st.stm32cube.ide.mcu.externaltools.gnu-tools-for-stm32.10.3-2021.10.macos64_1.0.100.202210260954/tools/bin/../lib/gcc/arm-none-eabi/10.3.1/thumb/v7e-m+fp/hard/crtbegin.o
                0x0000000008001eb4                PROVIDE (__init_array_end = .)
                0x0000000008001eb4                . = ALIGN (0x4)

.fini_array     0x0000000008001eb4        0x4
                0x0000000008001eb4                . = ALIGN (0x4)
                [!provide]                        PROVIDE (__fini_array_start = .)
 *(SORT_BY_NAME(.fini_array.*))
 *(.fini_array*)
 .fini_array    0x0000000008001eb4        0x4 /Applications/STM32CubeIDE.app/Contents/Eclipse/plugins/com.st.stm32cube.ide.mcu.externaltools.gnu-tools-for-stm32.10.3-2021.10.macos64_1.0.100.202210260954/tools/bin/../lib/gcc/arm-none-eabi/10.3.1/thumb/v7e-m+fp/hard/crtbegin.o
                [!provide]                        PROVIDE (__fini_array_end = .)
                0x0000000008001eb8                . = ALIGN (0x4)
                0x0000000008001eb8                _sidata = LOADADDR (.data)

.data           0x0000000020000000       0x64 load address 0x0000000008001eb8
                0x0000000020000000                . = ALIGN (0x4)
                0x0000000020000000                _sdata = .
 *(.data)
 *(.data*)
 .data._impure_ptr
                0x0000000020000000        0x4 /Applications/STM32CubeIDE.app/Contents/Eclipse/plugins/com.st.stm32cube.ide.mcu.externaltools.gnu-tools-for-stm32.10.3-2021.10.macos64_1.0.100.202210260954/tools/bin/../lib/gcc/arm-none-eabi/10.3.1/../../../../arm-none-eabi/lib/thumb/v7e-m+fp/hard/libc_nano.a(lib_a-impure.o)
                0x0000000020000000                _impure_ptr
 .data.impure_data
                0x0000000020000004       0x60 /Applications/STM32CubeIDE.app/Contents/Eclipse/plugins/com.st.stm32cube.ide.mcu.externaltools.gnu-tools-for-stm32.10.3-2021.10.macos64_1.0.100.202210260954/tools/bin/../lib/gcc/arm-none-eabi/10.3.1/../../../../arm-none-eabi/lib/thumb/v7e-m+fp/hard/libc_nano.a(lib_a-impure.o)
 *(.RamFunc)
 *(.RamFunc*)
                0x0000000020000064                . = ALIGN (0x4)
                0x0000000020000064                _edata = .

.igot.plt       0x0000000020000064        0x0 load address 0x0000000008001f1c
 .igot.plt      0x0000000020000064        0x0 /Applications/STM32CubeIDE.app/Contents/Eclipse/plugins/com.st.stm32cube.ide.mcu.externaltools.gnu-tools-for-stm32.10.3-2021.10.macos64_1.0.100.202210260954/tools/bin/../lib/gcc/arm-none-eabi/10.3.1/thumb/v7e-m+fp/hard/crtbegin.o
                0x0000000020000064                . = ALIGN (0x4)

.bss            0x0000000020000064     0x1120 load address 0x0000000008001f1c
                0x0000000020000064                _sbss = .
                0x0000000020000064                __bss_start__ = _sbss
 *(.bss)
 .bss           0x0000000020000064       0x1c /Applications/STM32CubeIDE.app/Contents/Eclipse/plugins/com.st.stm32cube.ide.mcu.externaltools.gnu-tools-for-stm32.10.3-2021.10.macos64_1.0.100.202210260954/tools/bin/../lib/gcc/arm-none-eabi/10.3.1/thumb/v7e-m+fp/hard/crtbegin.o
 *(.bss*)
 .bss.LED_sem   0x0000000020000080        0x4 ./Src/kernel/kernel.o
                0x0000000020000080                LED_sem
 .bss.UART_sem  0x0000000020000084        0x4 ./Src/kernel/kernel.o
                0x0000000020000084                UART_sem
 .bss.ADC1_sem  0x0000000020000088        0x4 ./Src/kernel/kernel.o
                0x0000000020000088                ADC1_sem
 .bss.TIM2_sem  0x000000002000008c        0x4 ./Src/kernel/kernel.o
                0x000000002000008c                TIM2_sem
 .bss.__tcbs__  0x0000000020000090      0x118 ./Src/kernel/kernel.o
                0x0000000020000090                __tcbs__
 .bss.__current_ptr__
                0x00000000200001a8        0x4 ./Src/kernel/kernel.o
                0x00000000200001a8                __current_ptr__
 .bss.TCB_STACK
                0x00000000200001ac      0xfa0 ./Src/kernel/kernel.o
                0x00000000200001ac                TCB_STACK
 .bss.MILLIS_PRESCALER
                0x000000002000114c        0x4 ./Src/kernel/kernel.o
                0x000000002000114c                MILLIS_PRESCALER
 .bss.recently_added_thread_id
                0x0000000020001150        0x4 ./Src/kernel/kernel.o
                0x0000000020001150                recently_added_thread_id
 .bss.recently_added_periodic_thread_id
                0x0000000020001154        0x4 ./Src/kernel/kernel.o
                0x0000000020001154                recently_added_periodic_thread_id
 .bss.min_thread_id
                0x0000000020001158        0x4 ./Src/kernel/kernel.o
                0x0000000020001158                min_thread_id
 .bss.max_thread_id
                0x000000002000115c        0x4 ./Src/kernel/kernel.o
                0x000000002000115c                max_thread_id
 .bss.min_periodic_thread_id
                0x0000000020001160        0x4 ./Src/kernel/kernel.o
                0x0000000020001160                min_periodic_thread_id
 .bss.max_periodic_thread_id
                0x0000000020001164        0x4 ./Src/kernel/kernel.o
                0x0000000020001164                max_periodic_thread_id
 .bss.sys_counter
                0x0000000020001168        0x4 ./Src/kernel/kernel.o
                0x0000000020001168                sys_counter
 .bss.x         0x000000002000116c        0x4 ./Src/main.o
                0x000000002000116c                x
 .bss.__sbrk_heap_end
                0x0000000020001170        0x4 ./Src/sysmem.o
 .bss.__lock___malloc_recursive_mutex
                0x0000000020001174        0x1 /Applications/STM32CubeIDE.app/Contents/Eclipse/plugins/com.st.stm32cube.ide.mcu.externaltools.gnu-tools-for-stm32.10.3-2021.10.macos64_1.0.100.202210260954/tools/bin/../lib/gcc/arm-none-eabi/10.3.1/../../../../arm-none-eabi/lib/thumb/v7e-m+fp/hard/libc_nano.a(lib_a-lock.o)
                0x0000000020001174                __lock___malloc_recursive_mutex
 .bss.__lock___sfp_recursive_mutex
                0x0000000020001175        0x1 /Applications/STM32CubeIDE.app/Contents/Eclipse/plugins/com.st.stm32cube.ide.mcu.externaltools.gnu-tools-for-stm32.10.3-2021.10.macos64_1.0.100.202210260954/tools/bin/../lib/gcc/arm-none-eabi/10.3.1/../../../../arm-none-eabi/lib/thumb/v7e-m+fp/hard/libc_nano.a(lib_a-lock.o)
                0x0000000020001175                __lock___sfp_recursive_mutex
 .bss.__lock___sinit_recursive_mutex
                0x0000000020001176        0x1 /Applications/STM32CubeIDE.app/Contents/Eclipse/plugins/com.st.stm32cube.ide.mcu.externaltools.gnu-tools-for-stm32.10.3-2021.10.macos64_1.0.100.202210260954/tools/bin/../lib/gcc/arm-none-eabi/10.3.1/../../../../arm-none-eabi/lib/thumb/v7e-m+fp/hard/libc_nano.a(lib_a-lock.o)
                0x0000000020001176                __lock___sinit_recursive_mutex
 *fill*         0x0000000020001177        0x1 
 .bss.__malloc_free_list
                0x0000000020001178        0x4 /Applications/STM32CubeIDE.app/Contents/Eclipse/plugins/com.st.stm32cube.ide.mcu.externaltools.gnu-tools-for-stm32.10.3-2021.10.macos64_1.0.100.202210260954/tools/bin/../lib/gcc/arm-none-eabi/10.3.1/../../../../arm-none-eabi/lib/thumb/v7e-m+fp/hard/libc_nano.a(lib_a-nano-mallocr.o)
                0x0000000020001178                __malloc_free_list
 .bss.__malloc_sbrk_start
                0x000000002000117c        0x4 /Applications/STM32CubeIDE.app/Contents/Eclipse/plugins/com.st.stm32cube.ide.mcu.externaltools.gnu-tools-for-stm32.10.3-2021.10.macos64_1.0.100.202210260954/tools/bin/../lib/gcc/arm-none-eabi/10.3.1/../../../../arm-none-eabi/lib/thumb/v7e-m+fp/hard/libc_nano.a(lib_a-nano-mallocr.o)
                0x000000002000117c                __malloc_sbrk_start
 .bss.errno     0x0000000020001180        0x4 /Applications/STM32CubeIDE.app/Contents/Eclipse/plugins/com.st.stm32cube.ide.mcu.externaltools.gnu-tools-for-stm32.10.3-2021.10.macos64_1.0.100.202210260954/tools/bin/../lib/gcc/arm-none-eabi/10.3.1/../../../../arm-none-eabi/lib/thumb/v7e-m+fp/hard/libc_nano.a(lib_a-reent.o)
                0x0000000020001180                errno
 *(COMMON)
                0x0000000020001184                . = ALIGN (0x4)
                0x0000000020001184                _ebss = .
                0x0000000020001184                __bss_end__ = _ebss

._user_heap_stack
                0x0000000020001184      0x604 load address 0x0000000008001f1c
                0x0000000020001188                . = ALIGN (0x8)
 *fill*         0x0000000020001184        0x4 
                [!provide]                        PROVIDE (end = .)
                0x0000000020001188                PROVIDE (_end = .)
                0x0000000020001388                . = (. + _Min_Heap_Size)
 *fill*         0x0000000020001188      0x200 
                0x0000000020001788                . = (. + _Min_Stack_Size)
 *fill*         0x0000000020001388      0x400 
                0x0000000020001788                . = ALIGN (0x8)

/DISCARD/
 libc.a(*)
 libm.a(*)
 libgcc.a(*)

.ARM.attributes
                0x0000000000000000       0x30
 *(.ARM.attributes)
 .ARM.attributes
                0x0000000000000000       0x1e /Applications/STM32CubeIDE.app/Contents/Eclipse/plugins/com.st.stm32cube.ide.mcu.externaltools.gnu-tools-for-stm32.10.3-2021.10.macos64_1.0.100.202210260954/tools/bin/../lib/gcc/arm-none-eabi/10.3.1/thumb/v7e-m+fp/hard/crti.o
 .ARM.attributes
                0x000000000000001e       0x34 /Applications/STM32CubeIDE.app/Contents/Eclipse/plugins/com.st.stm32cube.ide.mcu.externaltools.gnu-tools-for-stm32.10.3-2021.10.macos64_1.0.100.202210260954/tools/bin/../lib/gcc/arm-none-eabi/10.3.1/thumb/v7e-m+fp/hard/crtbegin.o
 .ARM.attributes
                0x0000000000000052       0x34 ./Src/car-unit-src/cu.o
 .ARM.attributes
                0x0000000000000086       0x34 ./Src/collision-detection-unit-src/cdu.o
 .ARM.attributes
                0x00000000000000ba       0x34 ./Src/drivers/EXTI/EXTI.o
 .ARM.attributes
                0x00000000000000ee       0x34 ./Src/drivers/LED/LED.o
 .ARM.attributes
                0x0000000000000122       0x34 ./Src/drivers/UART/UART.o
 .ARM.attributes
                0x0000000000000156       0x34 ./Src/init/init.o
 .ARM.attributes
                0x000000000000018a       0x34 ./Src/kernel/kernel.o
 .ARM.attributes
                0x00000000000001be       0x34 ./Src/kernel/sched/sched.o
 .ARM.attributes
                0x00000000000001f2       0x34 ./Src/kernel/sem/semaphore.o
 .ARM.attributes
                0x0000000000000226       0x34 ./Src/main.o
 .ARM.attributes
                0x000000000000025a       0x34 ./Src/syscalls.o
 .ARM.attributes
                0x000000000000028e       0x34 ./Src/sysmem.o
 .ARM.attributes
                0x00000000000002c2       0x34 ./Src/timers/tim2/tim2.o
 .ARM.attributes
                0x00000000000002f6       0x34 ./Src/ysAPI/ysRTOS.o
 .ARM.attributes
                0x000000000000032a       0x21 ./Startup/startup_stm32f411retx.o
 .ARM.attributes
                0x000000000000034b       0x34 /Applications/STM32CubeIDE.app/Contents/Eclipse/plugins/com.st.stm32cube.ide.mcu.externaltools.gnu-tools-for-stm32.10.3-2021.10.macos64_1.0.100.202210260954/tools/bin/../lib/gcc/arm-none-eabi/10.3.1/../../../../arm-none-eabi/lib/thumb/v7e-m+fp/hard/libc_nano.a(lib_a-errno.o)
 .ARM.attributes
                0x000000000000037f       0x34 /Applications/STM32CubeIDE.app/Contents/Eclipse/plugins/com.st.stm32cube.ide.mcu.externaltools.gnu-tools-for-stm32.10.3-2021.10.macos64_1.0.100.202210260954/tools/bin/../lib/gcc/arm-none-eabi/10.3.1/../../../../arm-none-eabi/lib/thumb/v7e-m+fp/hard/libc_nano.a(lib_a-exit.o)
 .ARM.attributes
                0x00000000000003b3       0x34 /Applications/STM32CubeIDE.app/Contents/Eclipse/plugins/com.st.stm32cube.ide.mcu.externaltools.gnu-tools-for-stm32.10.3-2021.10.macos64_1.0.100.202210260954/tools/bin/../lib/gcc/arm-none-eabi/10.3.1/../../../../arm-none-eabi/lib/thumb/v7e-m+fp/hard/libc_nano.a(lib_a-fprintf.o)
 .ARM.attributes
                0x00000000000003e7       0x34 /Applications/STM32CubeIDE.app/Contents/Eclipse/plugins/com.st.stm32cube.ide.mcu.externaltools.gnu-tools-for-stm32.10.3-2021.10.macos64_1.0.100.202210260954/tools/bin/../lib/gcc/arm-none-eabi/10.3.1/../../../../arm-none-eabi/lib/thumb/v7e-m+fp/hard/libc_nano.a(lib_a-impure.o)
 .ARM.attributes
                0x000000000000041b       0x34 /Applications/STM32CubeIDE.app/Contents/Eclipse/plugins/com.st.stm32cube.ide.mcu.externaltools.gnu-tools-for-stm32.10.3-2021.10.macos64_1.0.100.202210260954/tools/bin/../lib/gcc/arm-none-eabi/10.3.1/../../../../arm-none-eabi/lib/thumb/v7e-m+fp/hard/libc_nano.a(lib_a-init.o)
 .ARM.attributes
                0x000000000000044f       0x34 /Applications/STM32CubeIDE.app/Contents/Eclipse/plugins/com.st.stm32cube.ide.mcu.externaltools.gnu-tools-for-stm32.10.3-2021.10.macos64_1.0.100.202210260954/tools/bin/../lib/gcc/arm-none-eabi/10.3.1/../../../../arm-none-eabi/lib/thumb/v7e-m+fp/hard/libc_nano.a(lib_a-lock.o)
 .ARM.attributes
                0x0000000000000483       0x34 /Applications/STM32CubeIDE.app/Contents/Eclipse/plugins/com.st.stm32cube.ide.mcu.externaltools.gnu-tools-for-stm32.10.3-2021.10.macos64_1.0.100.202210260954/tools/bin/../lib/gcc/arm-none-eabi/10.3.1/../../../../arm-none-eabi/lib/thumb/v7e-m+fp/hard/libc_nano.a(lib_a-memset.o)
 .ARM.attributes
                0x00000000000004b7       0x34 /Applications/STM32CubeIDE.app/Contents/Eclipse/plugins/com.st.stm32cube.ide.mcu.externaltools.gnu-tools-for-stm32.10.3-2021.10.macos64_1.0.100.202210260954/tools/bin/../lib/gcc/arm-none-eabi/10.3.1/../../../../arm-none-eabi/lib/thumb/v7e-m+fp/hard/libc_nano.a(lib_a-nano-vfprintf.o)
 .ARM.attributes
                0x00000000000004eb       0x34 /Applications/STM32CubeIDE.app/Contents/Eclipse/plugins/com.st.stm32cube.ide.mcu.externaltools.gnu-tools-for-stm32.10.3-2021.10.macos64_1.0.100.202210260954/tools/bin/../lib/gcc/arm-none-eabi/10.3.1/../../../../arm-none-eabi/lib/thumb/v7e-m+fp/hard/libc_nano.a(lib_a-nano-vfprintf_i.o)
 .ARM.attributes
                0x000000000000051f       0x34 /Applications/STM32CubeIDE.app/Contents/Eclipse/plugins/com.st.stm32cube.ide.mcu.externaltools.gnu-tools-for-stm32.10.3-2021.10.macos64_1.0.100.202210260954/tools/bin/../lib/gcc/arm-none-eabi/10.3.1/../../../../arm-none-eabi/lib/thumb/v7e-m+fp/hard/libc_nano.a(lib_a-wbuf.o)
 .ARM.attributes
                0x0000000000000553       0x34 /Applications/STM32CubeIDE.app/Contents/Eclipse/plugins/com.st.stm32cube.ide.mcu.externaltools.gnu-tools-for-stm32.10.3-2021.10.macos64_1.0.100.202210260954/tools/bin/../lib/gcc/arm-none-eabi/10.3.1/../../../../arm-none-eabi/lib/thumb/v7e-m+fp/hard/libc_nano.a(lib_a-wsetup.o)
 .ARM.attributes
                0x0000000000000587       0x34 /Applications/STM32CubeIDE.app/Contents/Eclipse/plugins/com.st.stm32cube.ide.mcu.externaltools.gnu-tools-for-stm32.10.3-2021.10.macos64_1.0.100.202210260954/tools/bin/../lib/gcc/arm-none-eabi/10.3.1/../../../../arm-none-eabi/lib/thumb/v7e-m+fp/hard/libc_nano.a(lib_a-fflush.o)
 .ARM.attributes
                0x00000000000005bb       0x34 /Applications/STM32CubeIDE.app/Contents/Eclipse/plugins/com.st.stm32cube.ide.mcu.externaltools.gnu-tools-for-stm32.10.3-2021.10.macos64_1.0.100.202210260954/tools/bin/../lib/gcc/arm-none-eabi/10.3.1/../../../../arm-none-eabi/lib/thumb/v7e-m+fp/hard/libc_nano.a(lib_a-findfp.o)
 .ARM.attributes
                0x00000000000005ef       0x34 /Applications/STM32CubeIDE.app/Contents/Eclipse/plugins/com.st.stm32cube.ide.mcu.externaltools.gnu-tools-for-stm32.10.3-2021.10.macos64_1.0.100.202210260954/tools/bin/../lib/gcc/arm-none-eabi/10.3.1/../../../../arm-none-eabi/lib/thumb/v7e-m+fp/hard/libc_nano.a(lib_a-fwalk.o)
 .ARM.attributes
                0x0000000000000623       0x34 /Applications/STM32CubeIDE.app/Contents/Eclipse/plugins/com.st.stm32cube.ide.mcu.externaltools.gnu-tools-for-stm32.10.3-2021.10.macos64_1.0.100.202210260954/tools/bin/../lib/gcc/arm-none-eabi/10.3.1/../../../../arm-none-eabi/lib/thumb/v7e-m+fp/hard/libc_nano.a(lib_a-makebuf.o)
 .ARM.attributes
                0x0000000000000657       0x1c /Applications/STM32CubeIDE.app/Contents/Eclipse/plugins/com.st.stm32cube.ide.mcu.externaltools.gnu-tools-for-stm32.10.3-2021.10.macos64_1.0.100.202210260954/tools/bin/../lib/gcc/arm-none-eabi/10.3.1/../../../../arm-none-eabi/lib/thumb/v7e-m+fp/hard/libc_nano.a(lib_a-memchr.o)
 .ARM.attributes
                0x0000000000000673       0x34 /Applications/STM32CubeIDE.app/Contents/Eclipse/plugins/com.st.stm32cube.ide.mcu.externaltools.gnu-tools-for-stm32.10.3-2021.10.macos64_1.0.100.202210260954/tools/bin/../lib/gcc/arm-none-eabi/10.3.1/../../../../arm-none-eabi/lib/thumb/v7e-m+fp/hard/libc_nano.a(lib_a-nano-freer.o)
 .ARM.attributes
                0x00000000000006a7       0x34 /Applications/STM32CubeIDE.app/Contents/Eclipse/plugins/com.st.stm32cube.ide.mcu.externaltools.gnu-tools-for-stm32.10.3-2021.10.macos64_1.0.100.202210260954/tools/bin/../lib/gcc/arm-none-eabi/10.3.1/../../../../arm-none-eabi/lib/thumb/v7e-m+fp/hard/libc_nano.a(lib_a-nano-mallocr.o)
 .ARM.attributes
                0x00000000000006db       0x34 /Applications/STM32CubeIDE.app/Contents/Eclipse/plugins/com.st.stm32cube.ide.mcu.externaltools.gnu-tools-for-stm32.10.3-2021.10.macos64_1.0.100.202210260954/tools/bin/../lib/gcc/arm-none-eabi/10.3.1/../../../../arm-none-eabi/lib/thumb/v7e-m+fp/hard/libc_nano.a(lib_a-sbrkr.o)
 .ARM.attributes
                0x000000000000070f       0x34 /Applications/STM32CubeIDE.app/Contents/Eclipse/plugins/com.st.stm32cube.ide.mcu.externaltools.gnu-tools-for-stm32.10.3-2021.10.macos64_1.0.100.202210260954/tools/bin/../lib/gcc/arm-none-eabi/10.3.1/../../../../arm-none-eabi/lib/thumb/v7e-m+fp/hard/libc_nano.a(lib_a-stdio.o)
 .ARM.attributes
                0x0000000000000743       0x34 /Applications/STM32CubeIDE.app/Contents/Eclipse/plugins/com.st.stm32cube.ide.mcu.externaltools.gnu-tools-for-stm32.10.3-2021.10.macos64_1.0.100.202210260954/tools/bin/../lib/gcc/arm-none-eabi/10.3.1/../../../../arm-none-eabi/lib/thumb/v7e-m+fp/hard/libc_nano.a(lib_a-writer.o)
 .ARM.attributes
                0x0000000000000777       0x34 /Applications/STM32CubeIDE.app/Contents/Eclipse/plugins/com.st.stm32cube.ide.mcu.externaltools.gnu-tools-for-stm32.10.3-2021.10.macos64_1.0.100.202210260954/tools/bin/../lib/gcc/arm-none-eabi/10.3.1/../../../../arm-none-eabi/lib/thumb/v7e-m+fp/hard/libc_nano.a(lib_a-closer.o)
 .ARM.attributes
                0x00000000000007ab       0x34 /Applications/STM32CubeIDE.app/Contents/Eclipse/plugins/com.st.stm32cube.ide.mcu.externaltools.gnu-tools-for-stm32.10.3-2021.10.macos64_1.0.100.202210260954/tools/bin/../lib/gcc/arm-none-eabi/10.3.1/../../../../arm-none-eabi/lib/thumb/v7e-m+fp/hard/libc_nano.a(lib_a-fstatr.o)
 .ARM.attributes
                0x00000000000007df       0x34 /Applications/STM32CubeIDE.app/Contents/Eclipse/plugins/com.st.stm32cube.ide.mcu.externaltools.gnu-tools-for-stm32.10.3-2021.10.macos64_1.0.100.202210260954/tools/bin/../lib/gcc/arm-none-eabi/10.3.1/../../../../arm-none-eabi/lib/thumb/v7e-m+fp/hard/libc_nano.a(lib_a-isattyr.o)
 .ARM.attributes
                0x0000000000000813       0x34 /Applications/STM32CubeIDE.app/Contents/Eclipse/plugins/com.st.stm32cube.ide.mcu.externaltools.gnu-tools-for-stm32.10.3-2021.10.macos64_1.0.100.202210260954/tools/bin/../lib/gcc/arm-none-eabi/10.3.1/../../../../arm-none-eabi/lib/thumb/v7e-m+fp/hard/libc_nano.a(lib_a-lseekr.o)
 .ARM.attributes
                0x0000000000000847       0x34 /Applications/STM32CubeIDE.app/Contents/Eclipse/plugins/com.st.stm32cube.ide.mcu.externaltools.gnu-tools-for-stm32.10.3-2021.10.macos64_1.0.100.202210260954/tools/bin/../lib/gcc/arm-none-eabi/10.3.1/../../../../arm-none-eabi/lib/thumb/v7e-m+fp/hard/libc_nano.a(lib_a-mlock.o)
 .ARM.attributes
                0x000000000000087b       0x34 /Applications/STM32CubeIDE.app/Contents/Eclipse/plugins/com.st.stm32cube.ide.mcu.externaltools.gnu-tools-for-stm32.10.3-2021.10.macos64_1.0.100.202210260954/tools/bin/../lib/gcc/arm-none-eabi/10.3.1/../../../../arm-none-eabi/lib/thumb/v7e-m+fp/hard/libc_nano.a(lib_a-readr.o)
 .ARM.attributes
                0x00000000000008af       0x34 /Applications/STM32CubeIDE.app/Contents/Eclipse/plugins/com.st.stm32cube.ide.mcu.externaltools.gnu-tools-for-stm32.10.3-2021.10.macos64_1.0.100.202210260954/tools/bin/../lib/gcc/arm-none-eabi/10.3.1/../../../../arm-none-eabi/lib/thumb/v7e-m+fp/hard/libc_nano.a(lib_a-reent.o)
 .ARM.attributes
                0x00000000000008e3       0x1e /Applications/STM32CubeIDE.app/Contents/Eclipse/plugins/com.st.stm32cube.ide.mcu.externaltools.gnu-tools-for-stm32.10.3-2021.10.macos64_1.0.100.202210260954/tools/bin/../lib/gcc/arm-none-eabi/10.3.1/thumb/v7e-m+fp/hard/crtn.o
OUTPUT(collision-detection-unit.elf elf32-littlearm)
LOAD linker stubs
LOAD /Applications/STM32CubeIDE.app/Contents/Eclipse/plugins/com.st.stm32cube.ide.mcu.externaltools.gnu-tools-for-stm32.10.3-2021.10.macos64_1.0.100.202210260954/tools/bin/../lib/gcc/arm-none-eabi/10.3.1/../../../../arm-none-eabi/lib/thumb/v7e-m+fp/hard/libc.a
LOAD /Applications/STM32CubeIDE.app/Contents/Eclipse/plugins/com.st.stm32cube.ide.mcu.externaltools.gnu-tools-for-stm32.10.3-2021.10.macos64_1.0.100.202210260954/tools/bin/../lib/gcc/arm-none-eabi/10.3.1/../../../../arm-none-eabi/lib/thumb/v7e-m+fp/hard/libm.a
LOAD /Applications/STM32CubeIDE.app/Contents/Eclipse/plugins/com.st.stm32cube.ide.mcu.externaltools.gnu-tools-for-stm32.10.3-2021.10.macos64_1.0.100.202210260954/tools/bin/../lib/gcc/arm-none-eabi/10.3.1/thumb/v7e-m+fp/hard/libgcc.a

.debug_info     0x0000000000000000     0x47cf
 .debug_info    0x0000000000000000      0x3a3 ./Src/car-unit-src/cu.o
 .debug_info    0x00000000000003a3      0x196 ./Src/collision-detection-unit-src/cdu.o
 .debug_info    0x0000000000000539      0x790 ./Src/drivers/EXTI/EXTI.o
 .debug_info    0x0000000000000cc9      0x365 ./Src/drivers/LED/LED.o
 .debug_info    0x000000000000102e      0x491 ./Src/drivers/UART/UART.o
 .debug_info    0x00000000000014bf       0xa8 ./Src/init/init.o
 .debug_info    0x0000000000001567     0x1131 ./Src/kernel/kernel.o
 .debug_info    0x0000000000002698       0xb4 ./Src/kernel/sched/sched.o
 .debug_info    0x000000000000274c      0x18f ./Src/kernel/sem/semaphore.o
 .debug_info    0x00000000000028db      0x151 ./Src/main.o
 .debug_info    0x0000000000002a2c      0x6e0 ./Src/syscalls.o
 .debug_info    0x000000000000310c      0x171 ./Src/sysmem.o
 .debug_info    0x000000000000327d      0xa82 ./Src/timers/tim2/tim2.o
 .debug_info    0x0000000000003cff      0xaae ./Src/ysAPI/ysRTOS.o
 .debug_info    0x00000000000047ad       0x22 ./Startup/startup_stm32f411retx.o

.debug_abbrev   0x0000000000000000     0x124f
 .debug_abbrev  0x0000000000000000       0xdc ./Src/car-unit-src/cu.o
 .debug_abbrev  0x00000000000000dc       0xfa ./Src/collision-detection-unit-src/cdu.o
 .debug_abbrev  0x00000000000001d6      0x1a8 ./Src/drivers/EXTI/EXTI.o
 .debug_abbrev  0x000000000000037e       0xaf ./Src/drivers/LED/LED.o
 .debug_abbrev  0x000000000000042d      0x143 ./Src/drivers/UART/UART.o
 .debug_abbrev  0x0000000000000570       0x5a ./Src/init/init.o
 .debug_abbrev  0x00000000000005ca      0x3c7 ./Src/kernel/kernel.o
 .debug_abbrev  0x0000000000000991       0x47 ./Src/kernel/sched/sched.o
 .debug_abbrev  0x00000000000009d8       0xa5 ./Src/kernel/sem/semaphore.o
 .debug_abbrev  0x0000000000000a7d       0xdb ./Src/main.o
 .debug_abbrev  0x0000000000000b58      0x1b3 ./Src/syscalls.o
 .debug_abbrev  0x0000000000000d0b       0xbb ./Src/sysmem.o
 .debug_abbrev  0x0000000000000dc6      0x1f3 ./Src/timers/tim2/tim2.o
 .debug_abbrev  0x0000000000000fb9      0x284 ./Src/ysAPI/ysRTOS.o
 .debug_abbrev  0x000000000000123d       0x12 ./Startup/startup_stm32f411retx.o

.debug_aranges  0x0000000000000000      0x3a8
 .debug_aranges
                0x0000000000000000       0x48 ./Src/car-unit-src/cu.o
 .debug_aranges
                0x0000000000000048       0x30 ./Src/collision-detection-unit-src/cdu.o
 .debug_aranges
                0x0000000000000078       0x30 ./Src/drivers/EXTI/EXTI.o
 .debug_aranges
                0x00000000000000a8       0x30 ./Src/drivers/LED/LED.o
 .debug_aranges
                0x00000000000000d8       0x48 ./Src/drivers/UART/UART.o
 .debug_aranges
                0x0000000000000120       0x20 ./Src/init/init.o
 .debug_aranges
                0x0000000000000140       0x58 ./Src/kernel/kernel.o
 .debug_aranges
                0x0000000000000198       0x30 ./Src/kernel/sched/sched.o
 .debug_aranges
                0x00000000000001c8       0x30 ./Src/kernel/sem/semaphore.o
 .debug_aranges
                0x00000000000001f8       0x28 ./Src/main.o
 .debug_aranges
                0x0000000000000220       0xa8 ./Src/syscalls.o
 .debug_aranges
                0x00000000000002c8       0x20 ./Src/sysmem.o
 .debug_aranges
                0x00000000000002e8       0x38 ./Src/timers/tim2/tim2.o
 .debug_aranges
                0x0000000000000320       0x60 ./Src/ysAPI/ysRTOS.o
 .debug_aranges
                0x0000000000000380       0x28 ./Startup/startup_stm32f411retx.o

.debug_ranges   0x0000000000000000      0x2c0
 .debug_ranges  0x0000000000000000       0x38 ./Src/car-unit-src/cu.o
 .debug_ranges  0x0000000000000038       0x20 ./Src/collision-detection-unit-src/cdu.o
 .debug_ranges  0x0000000000000058       0x20 ./Src/drivers/EXTI/EXTI.o
 .debug_ranges  0x0000000000000078       0x20 ./Src/drivers/LED/LED.o
 .debug_ranges  0x0000000000000098       0x38 ./Src/drivers/UART/UART.o
 .debug_ranges  0x00000000000000d0       0x10 ./Src/init/init.o
 .debug_ranges  0x00000000000000e0       0x48 ./Src/kernel/kernel.o
 .debug_ranges  0x0000000000000128       0x20 ./Src/kernel/sched/sched.o
 .debug_ranges  0x0000000000000148       0x20 ./Src/kernel/sem/semaphore.o
 .debug_ranges  0x0000000000000168       0x18 ./Src/main.o
 .debug_ranges  0x0000000000000180       0x98 ./Src/syscalls.o
 .debug_ranges  0x0000000000000218       0x10 ./Src/sysmem.o
 .debug_ranges  0x0000000000000228       0x28 ./Src/timers/tim2/tim2.o
 .debug_ranges  0x0000000000000250       0x50 ./Src/ysAPI/ysRTOS.o
 .debug_ranges  0x00000000000002a0       0x20 ./Startup/startup_stm32f411retx.o

.debug_macro    0x0000000000000000    0x11535
 .debug_macro   0x0000000000000000       0xf2 ./Src/car-unit-src/cu.o
 .debug_macro   0x00000000000000f2      0xa7e ./Src/car-unit-src/cu.o
 .debug_macro   0x0000000000000b70       0x2e ./Src/car-unit-src/cu.o
 .debug_macro   0x0000000000000b9e       0x28 ./Src/car-unit-src/cu.o
 .debug_macro   0x0000000000000bc6       0x22 ./Src/car-unit-src/cu.o
 .debug_macro   0x0000000000000be8       0x8e ./Src/car-unit-src/cu.o
 .debug_macro   0x0000000000000c76       0x51 ./Src/car-unit-src/cu.o
 .debug_macro   0x0000000000000cc7      0x103 ./Src/car-unit-src/cu.o
 .debug_macro   0x0000000000000dca       0x6a ./Src/car-unit-src/cu.o
 .debug_macro   0x0000000000000e34      0x1df ./Src/car-unit-src/cu.o
 .debug_macro   0x0000000000001013       0x1c ./Src/car-unit-src/cu.o
 .debug_macro   0x000000000000102f       0x22 ./Src/car-unit-src/cu.o
 .debug_macro   0x0000000000001051       0xd9 ./Src/car-unit-src/cu.o
 .debug_macro   0x000000000000112a     0x102d ./Src/car-unit-src/cu.o
 .debug_macro   0x0000000000002157      0x11f ./Src/car-unit-src/cu.o
 .debug_macro   0x0000000000002276     0xb953 ./Src/car-unit-src/cu.o
 .debug_macro   0x000000000000dbc9       0x6d ./Src/car-unit-src/cu.o
 .debug_macro   0x000000000000dc36       0xec ./Src/collision-detection-unit-src/cdu.o
 .debug_macro   0x000000000000dd22       0xfc ./Src/drivers/EXTI/EXTI.o
 .debug_macro   0x000000000000de1e       0xea ./Src/drivers/LED/LED.o
 .debug_macro   0x000000000000df08      0x335 ./Src/drivers/UART/UART.o
 .debug_macro   0x000000000000e23d       0x52 ./Src/drivers/UART/UART.o
 .debug_macro   0x000000000000e28f       0x1e ./Src/drivers/UART/UART.o
 .debug_macro   0x000000000000e2ad       0x3c ./Src/drivers/UART/UART.o
 .debug_macro   0x000000000000e2e9       0x34 ./Src/drivers/UART/UART.o
 .debug_macro   0x000000000000e31d       0x16 ./Src/drivers/UART/UART.o
 .debug_macro   0x000000000000e333       0x97 ./Src/drivers/UART/UART.o
 .debug_macro   0x000000000000e3ca      0x341 ./Src/drivers/UART/UART.o
 .debug_macro   0x000000000000e70b       0xfd ./Src/drivers/UART/UART.o
 .debug_macro   0x000000000000e808       0x10 ./Src/drivers/UART/UART.o
 .debug_macro   0x000000000000e818       0x16 ./Src/drivers/UART/UART.o
 .debug_macro   0x000000000000e82e       0x43 ./Src/drivers/UART/UART.o
 .debug_macro   0x000000000000e871       0x34 ./Src/drivers/UART/UART.o
 .debug_macro   0x000000000000e8a5       0x10 ./Src/drivers/UART/UART.o
 .debug_macro   0x000000000000e8b5       0x58 ./Src/drivers/UART/UART.o
 .debug_macro   0x000000000000e90d       0x71 ./Src/drivers/UART/UART.o
 .debug_macro   0x000000000000e97e       0x1c ./Src/drivers/UART/UART.o
 .debug_macro   0x000000000000e99a      0x12a ./Src/drivers/UART/UART.o
 .debug_macro   0x000000000000eac4       0x10 ./Src/drivers/UART/UART.o
 .debug_macro   0x000000000000ead4       0x1c ./Src/drivers/UART/UART.o
 .debug_macro   0x000000000000eaf0       0x52 ./Src/drivers/UART/UART.o
 .debug_macro   0x000000000000eb42       0x22 ./Src/drivers/UART/UART.o
 .debug_macro   0x000000000000eb64       0x10 ./Src/drivers/UART/UART.o
 .debug_macro   0x000000000000eb74       0x52 ./Src/drivers/UART/UART.o
 .debug_macro   0x000000000000ebc6       0xd5 ./Src/drivers/UART/UART.o
 .debug_macro   0x000000000000ec9b       0x1c ./Src/drivers/UART/UART.o
 .debug_macro   0x000000000000ecb7       0x3d ./Src/drivers/UART/UART.o
 .debug_macro   0x000000000000ecf4       0x16 ./Src/drivers/UART/UART.o
 .debug_macro   0x000000000000ed0a      0x145 ./Src/drivers/UART/UART.o
 .debug_macro   0x000000000000ee4f       0x64 ./Src/drivers/UART/UART.o
 .debug_macro   0x000000000000eeb3       0x16 ./Src/drivers/UART/UART.o
 .debug_macro   0x000000000000eec9       0x35 ./Src/drivers/UART/UART.o
 .debug_macro   0x000000000000eefe       0x16 ./Src/drivers/UART/UART.o
 .debug_macro   0x000000000000ef14       0x29 ./Src/drivers/UART/UART.o
 .debug_macro   0x000000000000ef3d      0x363 ./Src/init/init.o
 .debug_macro   0x000000000000f2a0      0x323 ./Src/kernel/kernel.o
 .debug_macro   0x000000000000f5c3      0x24b ./Src/kernel/sched/sched.o
 .debug_macro   0x000000000000f80e      0x25f ./Src/kernel/sem/semaphore.o
 .debug_macro   0x000000000000fa6d      0x3b3 ./Src/main.o
 .debug_macro   0x000000000000fe20      0x10e ./Src/main.o
 .debug_macro   0x000000000000ff2e       0x8d ./Src/main.o
 .debug_macro   0x000000000000ffbb       0x1c ./Src/main.o
 .debug_macro   0x000000000000ffd7       0x6a ./Src/main.o
 .debug_macro   0x0000000000010041      0x24c ./Src/syscalls.o
 .debug_macro   0x000000000001028d       0x4c ./Src/syscalls.o
 .debug_macro   0x00000000000102d9       0x94 ./Src/syscalls.o
 .debug_macro   0x000000000001036d       0x57 ./Src/syscalls.o
 .debug_macro   0x00000000000103c4      0x174 ./Src/syscalls.o
 .debug_macro   0x0000000000010538       0x10 ./Src/syscalls.o
 .debug_macro   0x0000000000010548       0x10 ./Src/syscalls.o
 .debug_macro   0x0000000000010558       0x10 ./Src/syscalls.o
 .debug_macro   0x0000000000010568       0x35 ./Src/syscalls.o
 .debug_macro   0x000000000001059d      0x12c ./Src/syscalls.o
 .debug_macro   0x00000000000106c9       0x10 ./Src/syscalls.o
 .debug_macro   0x00000000000106d9      0x241 ./Src/syscalls.o
 .debug_macro   0x000000000001091a       0x10 ./Src/syscalls.o
 .debug_macro   0x000000000001092a      0x189 ./Src/syscalls.o
 .debug_macro   0x0000000000010ab3       0x16 ./Src/syscalls.o
 .debug_macro   0x0000000000010ac9       0xce ./Src/syscalls.o
 .debug_macro   0x0000000000010b97       0xff ./Src/sysmem.o
 .debug_macro   0x0000000000010c96      0x23b ./Src/sysmem.o
 .debug_macro   0x0000000000010ed1      0x311 ./Src/timers/tim2/tim2.o
 .debug_macro   0x00000000000111e2      0x353 ./Src/ysAPI/ysRTOS.o

.debug_line     0x0000000000000000     0x7809
 .debug_line    0x0000000000000000      0x568 ./Src/car-unit-src/cu.o
 .debug_line    0x0000000000000568      0x538 ./Src/collision-detection-unit-src/cdu.o
 .debug_line    0x0000000000000aa0      0x4da ./Src/drivers/EXTI/EXTI.o
 .debug_line    0x0000000000000f7a      0x493 ./Src/drivers/LED/LED.o
 .debug_line    0x000000000000140d      0xb1f ./Src/drivers/UART/UART.o
 .debug_line    0x0000000000001f2c      0xc79 ./Src/init/init.o
 .debug_line    0x0000000000002ba5      0xace ./Src/kernel/kernel.o
 .debug_line    0x0000000000003673      0x6d0 ./Src/kernel/sched/sched.o
 .debug_line    0x0000000000003d43      0x777 ./Src/kernel/sem/semaphore.o
 .debug_line    0x00000000000044ba      0xe9f ./Src/main.o
 .debug_line    0x0000000000005359      0x82e ./Src/syscalls.o
 .debug_line    0x0000000000005b87      0x526 ./Src/sysmem.o
 .debug_line    0x00000000000060ad      0xabe ./Src/timers/tim2/tim2.o
 .debug_line    0x0000000000006b6b      0xc1a ./Src/ysAPI/ysRTOS.o
 .debug_line    0x0000000000007785       0x84 ./Startup/startup_stm32f411retx.o

.debug_str      0x0000000000000000    0x5635b
 .debug_str     0x0000000000000000    0x4fa30 ./Src/car-unit-src/cu.o
                                      0x4fb9e (size before relaxing)
 .debug_str     0x000000000004fa30       0x51 ./Src/collision-detection-unit-src/cdu.o
                                      0x4fa87 (size before relaxing)
 .debug_str     0x000000000004fa81      0x502 ./Src/drivers/EXTI/EXTI.o
                                      0x5001e (size before relaxing)
 .debug_str     0x000000000004ff83       0x4e ./Src/drivers/LED/LED.o
                                      0x4fb4c (size before relaxing)
 .debug_str     0x000000000004ffd1     0x436c ./Src/drivers/UART/UART.o
                                      0x53f00 (size before relaxing)
 .debug_str     0x000000000005433d       0x3f ./Src/init/init.o
                                      0x53cfc (size before relaxing)
 .debug_str     0x000000000005437c      0x6fe ./Src/kernel/kernel.o
                                      0x54860 (size before relaxing)
 .debug_str     0x0000000000054a7a       0x3b ./Src/kernel/sched/sched.o
                                      0x53b9f (size before relaxing)
 .debug_str     0x0000000000054ab5       0x3c ./Src/kernel/sem/semaphore.o
                                      0x53be4 (size before relaxing)
 .debug_str     0x0000000000054af1       0x3e ./Src/main.o
                                      0x53d9b (size before relaxing)
 .debug_str     0x0000000000054b2f     0x164a ./Src/syscalls.o
                                       0x8a68 (size before relaxing)
 .debug_str     0x0000000000056179       0x66 ./Src/sysmem.o
                                       0x5da4 (size before relaxing)
 .debug_str     0x00000000000561df       0xc8 ./Src/timers/tim2/tim2.o
                                      0x543f6 (size before relaxing)
 .debug_str     0x00000000000562a7       0x83 ./Src/ysAPI/ysRTOS.o
                                      0x54238 (size before relaxing)
 .debug_str     0x000000000005632a       0x31 ./Startup/startup_stm32f411retx.o
                                         0x63 (size before relaxing)

.comment        0x0000000000000000       0x50
 .comment       0x0000000000000000       0x50 ./Src/car-unit-src/cu.o
                                         0x51 (size before relaxing)
 .comment       0x0000000000000050       0x51 ./Src/collision-detection-unit-src/cdu.o
 .comment       0x0000000000000050       0x51 ./Src/drivers/EXTI/EXTI.o
 .comment       0x0000000000000050       0x51 ./Src/drivers/LED/LED.o
 .comment       0x0000000000000050       0x51 ./Src/drivers/UART/UART.o
 .comment       0x0000000000000050       0x51 ./Src/init/init.o
 .comment       0x0000000000000050       0x51 ./Src/kernel/kernel.o
 .comment       0x0000000000000050       0x51 ./Src/kernel/sched/sched.o
 .comment       0x0000000000000050       0x51 ./Src/kernel/sem/semaphore.o
 .comment       0x0000000000000050       0x51 ./Src/main.o
 .comment       0x0000000000000050       0x51 ./Src/syscalls.o
 .comment       0x0000000000000050       0x51 ./Src/sysmem.o
 .comment       0x0000000000000050       0x51 ./Src/timers/tim2/tim2.o
 .comment       0x0000000000000050       0x51 ./Src/ysAPI/ysRTOS.o

.debug_frame    0x0000000000000000     0x124c
 .debug_frame   0x0000000000000000       0xc4 ./Src/car-unit-src/cu.o
 .debug_frame   0x00000000000000c4       0x68 ./Src/collision-detection-unit-src/cdu.o
 .debug_frame   0x000000000000012c       0x74 ./Src/drivers/EXTI/EXTI.o
 .debug_frame   0x00000000000001a0       0x70 ./Src/drivers/LED/LED.o
 .debug_frame   0x0000000000000210       0xe4 ./Src/drivers/UART/UART.o
 .debug_frame   0x00000000000002f4       0x2c ./Src/init/init.o
 .debug_frame   0x0000000000000320      0x118 ./Src/kernel/kernel.o
 .debug_frame   0x0000000000000438       0x50 ./Src/kernel/sched/sched.o
 .debug_frame   0x0000000000000488       0x88 ./Src/kernel/sem/semaphore.o
 .debug_frame   0x0000000000000510       0x48 ./Src/main.o
 .debug_frame   0x0000000000000558      0x2ac ./Src/syscalls.o
 .debug_frame   0x0000000000000804       0x34 ./Src/sysmem.o
 .debug_frame   0x0000000000000838       0xa0 ./Src/timers/tim2/tim2.o
 .debug_frame   0x00000000000008d8      0x134 ./Src/ysAPI/ysRTOS.o
 .debug_frame   0x0000000000000a0c       0x20 /Applications/STM32CubeIDE.app/Contents/Eclipse/plugins/com.st.stm32cube.ide.mcu.externaltools.gnu-tools-for-stm32.10.3-2021.10.macos64_1.0.100.202210260954/tools/bin/../lib/gcc/arm-none-eabi/10.3.1/../../../../arm-none-eabi/lib/thumb/v7e-m+fp/hard/libc_nano.a(lib_a-errno.o)
 .debug_frame   0x0000000000000a2c       0x28 /Applications/STM32CubeIDE.app/Contents/Eclipse/plugins/com.st.stm32cube.ide.mcu.externaltools.gnu-tools-for-stm32.10.3-2021.10.macos64_1.0.100.202210260954/tools/bin/../lib/gcc/arm-none-eabi/10.3.1/../../../../arm-none-eabi/lib/thumb/v7e-m+fp/hard/libc_nano.a(lib_a-exit.o)
 .debug_frame   0x0000000000000a54       0x64 /Applications/STM32CubeIDE.app/Contents/Eclipse/plugins/com.st.stm32cube.ide.mcu.externaltools.gnu-tools-for-stm32.10.3-2021.10.macos64_1.0.100.202210260954/tools/bin/../lib/gcc/arm-none-eabi/10.3.1/../../../../arm-none-eabi/lib/thumb/v7e-m+fp/hard/libc_nano.a(lib_a-fprintf.o)
 .debug_frame   0x0000000000000ab8       0x2c /Applications/STM32CubeIDE.app/Contents/Eclipse/plugins/com.st.stm32cube.ide.mcu.externaltools.gnu-tools-for-stm32.10.3-2021.10.macos64_1.0.100.202210260954/tools/bin/../lib/gcc/arm-none-eabi/10.3.1/../../../../arm-none-eabi/lib/thumb/v7e-m+fp/hard/libc_nano.a(lib_a-init.o)
 .debug_frame   0x0000000000000ae4       0xb0 /Applications/STM32CubeIDE.app/Contents/Eclipse/plugins/com.st.stm32cube.ide.mcu.externaltools.gnu-tools-for-stm32.10.3-2021.10.macos64_1.0.100.202210260954/tools/bin/../lib/gcc/arm-none-eabi/10.3.1/../../../../arm-none-eabi/lib/thumb/v7e-m+fp/hard/libc_nano.a(lib_a-lock.o)
 .debug_frame   0x0000000000000b94       0x20 /Applications/STM32CubeIDE.app/Contents/Eclipse/plugins/com.st.stm32cube.ide.mcu.externaltools.gnu-tools-for-stm32.10.3-2021.10.macos64_1.0.100.202210260954/tools/bin/../lib/gcc/arm-none-eabi/10.3.1/../../../../arm-none-eabi/lib/thumb/v7e-m+fp/hard/libc_nano.a(lib_a-memset.o)
 .debug_frame   0x0000000000000bb4       0xac /Applications/STM32CubeIDE.app/Contents/Eclipse/plugins/com.st.stm32cube.ide.mcu.externaltools.gnu-tools-for-stm32.10.3-2021.10.macos64_1.0.100.202210260954/tools/bin/../lib/gcc/arm-none-eabi/10.3.1/../../../../arm-none-eabi/lib/thumb/v7e-m+fp/hard/libc_nano.a(lib_a-nano-vfprintf.o)
 .debug_frame   0x0000000000000c60       0x60 /Applications/STM32CubeIDE.app/Contents/Eclipse/plugins/com.st.stm32cube.ide.mcu.externaltools.gnu-tools-for-stm32.10.3-2021.10.macos64_1.0.100.202210260954/tools/bin/../lib/gcc/arm-none-eabi/10.3.1/../../../../arm-none-eabi/lib/thumb/v7e-m+fp/hard/libc_nano.a(lib_a-nano-vfprintf_i.o)
 .debug_frame   0x0000000000000cc0       0x40 /Applications/STM32CubeIDE.app/Contents/Eclipse/plugins/com.st.stm32cube.ide.mcu.externaltools.gnu-tools-for-stm32.10.3-2021.10.macos64_1.0.100.202210260954/tools/bin/../lib/gcc/arm-none-eabi/10.3.1/../../../../arm-none-eabi/lib/thumb/v7e-m+fp/hard/libc_nano.a(lib_a-wbuf.o)
 .debug_frame   0x0000000000000d00       0x2c /Applications/STM32CubeIDE.app/Contents/Eclipse/plugins/com.st.stm32cube.ide.mcu.externaltools.gnu-tools-for-stm32.10.3-2021.10.macos64_1.0.100.202210260954/tools/bin/../lib/gcc/arm-none-eabi/10.3.1/../../../../arm-none-eabi/lib/thumb/v7e-m+fp/hard/libc_nano.a(lib_a-wsetup.o)
 .debug_frame   0x0000000000000d2c       0x5c /Applications/STM32CubeIDE.app/Contents/Eclipse/plugins/com.st.stm32cube.ide.mcu.externaltools.gnu-tools-for-stm32.10.3-2021.10.macos64_1.0.100.202210260954/tools/bin/../lib/gcc/arm-none-eabi/10.3.1/../../../../arm-none-eabi/lib/thumb/v7e-m+fp/hard/libc_nano.a(lib_a-fflush.o)
 .debug_frame   0x0000000000000d88      0x14c /Applications/STM32CubeIDE.app/Contents/Eclipse/plugins/com.st.stm32cube.ide.mcu.externaltools.gnu-tools-for-stm32.10.3-2021.10.macos64_1.0.100.202210260954/tools/bin/../lib/gcc/arm-none-eabi/10.3.1/../../../../arm-none-eabi/lib/thumb/v7e-m+fp/hard/libc_nano.a(lib_a-findfp.o)
 .debug_frame   0x0000000000000ed4       0x54 /Applications/STM32CubeIDE.app/Contents/Eclipse/plugins/com.st.stm32cube.ide.mcu.externaltools.gnu-tools-for-stm32.10.3-2021.10.macos64_1.0.100.202210260954/tools/bin/../lib/gcc/arm-none-eabi/10.3.1/../../../../arm-none-eabi/lib/thumb/v7e-m+fp/hard/libc_nano.a(lib_a-fwalk.o)
 .debug_frame   0x0000000000000f28       0x58 /Applications/STM32CubeIDE.app/Contents/Eclipse/plugins/com.st.stm32cube.ide.mcu.externaltools.gnu-tools-for-stm32.10.3-2021.10.macos64_1.0.100.202210260954/tools/bin/../lib/gcc/arm-none-eabi/10.3.1/../../../../arm-none-eabi/lib/thumb/v7e-m+fp/hard/libc_nano.a(lib_a-makebuf.o)
 .debug_frame   0x0000000000000f80       0x38 /Applications/STM32CubeIDE.app/Contents/Eclipse/plugins/com.st.stm32cube.ide.mcu.externaltools.gnu-tools-for-stm32.10.3-2021.10.macos64_1.0.100.202210260954/tools/bin/../lib/gcc/arm-none-eabi/10.3.1/../../../../arm-none-eabi/lib/thumb/v7e-m+fp/hard/libc_nano.a(lib_a-nano-freer.o)
 .debug_frame   0x0000000000000fb8       0x4c /Applications/STM32CubeIDE.app/Contents/Eclipse/plugins/com.st.stm32cube.ide.mcu.externaltools.gnu-tools-for-stm32.10.3-2021.10.macos64_1.0.100.202210260954/tools/bin/../lib/gcc/arm-none-eabi/10.3.1/../../../../arm-none-eabi/lib/thumb/v7e-m+fp/hard/libc_nano.a(lib_a-nano-mallocr.o)
 .debug_frame   0x0000000000001004       0x2c /Applications/STM32CubeIDE.app/Contents/Eclipse/plugins/com.st.stm32cube.ide.mcu.externaltools.gnu-tools-for-stm32.10.3-2021.10.macos64_1.0.100.202210260954/tools/bin/../lib/gcc/arm-none-eabi/10.3.1/../../../../arm-none-eabi/lib/thumb/v7e-m+fp/hard/libc_nano.a(lib_a-sbrkr.o)
 .debug_frame   0x0000000000001030       0x88 /Applications/STM32CubeIDE.app/Contents/Eclipse/plugins/com.st.stm32cube.ide.mcu.externaltools.gnu-tools-for-stm32.10.3-2021.10.macos64_1.0.100.202210260954/tools/bin/../lib/gcc/arm-none-eabi/10.3.1/../../../../arm-none-eabi/lib/thumb/v7e-m+fp/hard/libc_nano.a(lib_a-stdio.o)
 .debug_frame   0x00000000000010b8       0x2c /Applications/STM32CubeIDE.app/Contents/Eclipse/plugins/com.st.stm32cube.ide.mcu.externaltools.gnu-tools-for-stm32.10.3-2021.10.macos64_1.0.100.202210260954/tools/bin/../lib/gcc/arm-none-eabi/10.3.1/../../../../arm-none-eabi/lib/thumb/v7e-m+fp/hard/libc_nano.a(lib_a-writer.o)
 .debug_frame   0x00000000000010e4       0x2c /Applications/STM32CubeIDE.app/Contents/Eclipse/plugins/com.st.stm32cube.ide.mcu.externaltools.gnu-tools-for-stm32.10.3-2021.10.macos64_1.0.100.202210260954/tools/bin/../lib/gcc/arm-none-eabi/10.3.1/../../../../arm-none-eabi/lib/thumb/v7e-m+fp/hard/libc_nano.a(lib_a-closer.o)
 .debug_frame   0x0000000000001110       0x2c /Applications/STM32CubeIDE.app/Contents/Eclipse/plugins/com.st.stm32cube.ide.mcu.externaltools.gnu-tools-for-stm32.10.3-2021.10.macos64_1.0.100.202210260954/tools/bin/../lib/gcc/arm-none-eabi/10.3.1/../../../../arm-none-eabi/lib/thumb/v7e-m+fp/hard/libc_nano.a(lib_a-fstatr.o)
 .debug_frame   0x000000000000113c       0x2c /Applications/STM32CubeIDE.app/Contents/Eclipse/plugins/com.st.stm32cube.ide.mcu.externaltools.gnu-tools-for-stm32.10.3-2021.10.macos64_1.0.100.202210260954/tools/bin/../lib/gcc/arm-none-eabi/10.3.1/../../../../arm-none-eabi/lib/thumb/v7e-m+fp/hard/libc_nano.a(lib_a-isattyr.o)
 .debug_frame   0x0000000000001168       0x2c /Applications/STM32CubeIDE.app/Contents/Eclipse/plugins/com.st.stm32cube.ide.mcu.externaltools.gnu-tools-for-stm32.10.3-2021.10.macos64_1.0.100.202210260954/tools/bin/../lib/gcc/arm-none-eabi/10.3.1/../../../../arm-none-eabi/lib/thumb/v7e-m+fp/hard/libc_nano.a(lib_a-lseekr.o)
 .debug_frame   0x0000000000001194       0x30 /Applications/STM32CubeIDE.app/Contents/Eclipse/plugins/com.st.stm32cube.ide.mcu.externaltools.gnu-tools-for-stm32.10.3-2021.10.macos64_1.0.100.202210260954/tools/bin/../lib/gcc/arm-none-eabi/10.3.1/../../../../arm-none-eabi/lib/thumb/v7e-m+fp/hard/libc_nano.a(lib_a-mlock.o)
 .debug_frame   0x00000000000011c4       0x2c /Applications/STM32CubeIDE.app/Contents/Eclipse/plugins/com.st.stm32cube.ide.mcu.externaltools.gnu-tools-for-stm32.10.3-2021.10.macos64_1.0.100.202210260954/tools/bin/../lib/gcc/arm-none-eabi/10.3.1/../../../../arm-none-eabi/lib/thumb/v7e-m+fp/hard/libc_nano.a(lib_a-readr.o)
 .debug_frame   0x00000000000011f0       0x5c /Applications/STM32CubeIDE.app/Contents/Eclipse/plugins/com.st.stm32cube.ide.mcu.externaltools.gnu-tools-for-stm32.10.3-2021.10.macos64_1.0.100.202210260954/tools/bin/../lib/gcc/arm-none-eabi/10.3.1/../../../../arm-none-eabi/lib/thumb/v7e-m+fp/hard/libc_nano.a(lib_a-reent.o)
